<!doctype html public "-//w3c//dtd html 4.0 transitional//en">
<html><head>
<title>Static Call Graph - [.\build\L152RE_OLED_SSD1306.axf]</title></head>
<body><HR>
<H1>Static Call Graph for image .\build\L152RE_OLED_SSD1306.axf</H1><HR>
<BR><P>#&#060CALLGRAPH&#062# ARM Linker, 5060020: Last Updated: Sat Feb 06 00:04:11 2016
<BR><P>
<H3>Maximum Stack Usage =        280 bytes + Unknown(Cycles, Untraceable Function Pointers)</H3><H3>
Call chain for Maximum Stack Depth:</H3>
__sti___8_main_cpp_oled &rArr; SSD1306::SSD1306(PinName, PinName, PinName, PinName, PinName) &rArr; mbed::SPI::SPI(PinName, PinName, PinName, PinName) &rArr; spi_init &rArr; pinmap_pinout &rArr; pin_function &rArr; Set_GPIO_Clock &rArr; error &rArr; exit &rArr; mbed_die &rArr; wait_ms &rArr; us_ticker_read &rArr; HAL_InitTick &rArr; HAL_TIM_OC_Init &rArr; TIM_Base_SetConfig
<P>
<H3>
Mutually Recursive functions
</H3> <LI><a href="#[c]">NMI_Handler</a>&nbsp;&nbsp;&nbsp;&rArr;&nbsp;&nbsp;&nbsp;<a href="#[c]">NMI_Handler</a><BR>
 <LI><a href="#[d]">HardFault_Handler</a>&nbsp;&nbsp;&nbsp;&rArr;&nbsp;&nbsp;&nbsp;<a href="#[d]">HardFault_Handler</a><BR>
 <LI><a href="#[e]">SVC_Handler</a>&nbsp;&nbsp;&nbsp;&rArr;&nbsp;&nbsp;&nbsp;<a href="#[e]">SVC_Handler</a><BR>
 <LI><a href="#[f]">PendSV_Handler</a>&nbsp;&nbsp;&nbsp;&rArr;&nbsp;&nbsp;&nbsp;<a href="#[f]">PendSV_Handler</a><BR>
 <LI><a href="#[10]">SysTick_Handler</a>&nbsp;&nbsp;&nbsp;&rArr;&nbsp;&nbsp;&nbsp;<a href="#[10]">SysTick_Handler</a><BR>
 <LI><a href="#[1c]">ADC1_IRQHandler</a>&nbsp;&nbsp;&nbsp;&rArr;&nbsp;&nbsp;&nbsp;<a href="#[1c]">ADC1_IRQHandler</a><BR>
</UL>
<P>
<H3>
Function Pointers
</H3><UL>
 <LI><a href="#[1c]">ADC1_IRQHandler</a> from startup_stm32f031x6.o(.text) referenced from startup_stm32f031x6.o(RESET)
 <LI><a href="#[19]">DMA1_Channel1_IRQHandler</a> from startup_stm32f031x6.o(.text) referenced from startup_stm32f031x6.o(RESET)
 <LI><a href="#[1a]">DMA1_Channel2_3_IRQHandler</a> from startup_stm32f031x6.o(.text) referenced from startup_stm32f031x6.o(RESET)
 <LI><a href="#[1b]">DMA1_Channel4_5_IRQHandler</a> from startup_stm32f031x6.o(.text) referenced from startup_stm32f031x6.o(RESET)
 <LI><a href="#[16]">EXTI0_1_IRQHandler</a> from startup_stm32f031x6.o(.text) referenced from startup_stm32f031x6.o(RESET)
 <LI><a href="#[17]">EXTI2_3_IRQHandler</a> from startup_stm32f031x6.o(.text) referenced from startup_stm32f031x6.o(RESET)
 <LI><a href="#[18]">EXTI4_15_IRQHandler</a> from startup_stm32f031x6.o(.text) referenced from startup_stm32f031x6.o(RESET)
 <LI><a href="#[14]">FLASH_IRQHandler</a> from startup_stm32f031x6.o(.text) referenced from startup_stm32f031x6.o(RESET)
 <LI><a href="#[d]">HardFault_Handler</a> from startup_stm32f031x6.o(.text) referenced from startup_stm32f031x6.o(RESET)
 <LI><a href="#[24]">I2C1_IRQHandler</a> from startup_stm32f031x6.o(.text) referenced from startup_stm32f031x6.o(RESET)
 <LI><a href="#[c]">NMI_Handler</a> from startup_stm32f031x6.o(.text) referenced from startup_stm32f031x6.o(RESET)
 <LI><a href="#[12]">PVD_IRQHandler</a> from startup_stm32f031x6.o(.text) referenced from startup_stm32f031x6.o(RESET)
 <LI><a href="#[f]">PendSV_Handler</a> from startup_stm32f031x6.o(.text) referenced from startup_stm32f031x6.o(RESET)
 <LI><a href="#[15]">RCC_IRQHandler</a> from startup_stm32f031x6.o(.text) referenced from startup_stm32f031x6.o(RESET)
 <LI><a href="#[13]">RTC_IRQHandler</a> from startup_stm32f031x6.o(.text) referenced from startup_stm32f031x6.o(RESET)
 <LI><a href="#[b]">Reset_Handler</a> from startup_stm32f031x6.o(.text) referenced from startup_stm32f031x6.o(RESET)
 <LI><a href="#[25]">SPI1_IRQHandler</a> from startup_stm32f031x6.o(.text) referenced from startup_stm32f031x6.o(RESET)
 <LI><a href="#[e]">SVC_Handler</a> from startup_stm32f031x6.o(.text) referenced from startup_stm32f031x6.o(RESET)
 <LI><a href="#[10]">SysTick_Handler</a> from startup_stm32f031x6.o(.text) referenced from startup_stm32f031x6.o(RESET)
 <LI><a href="#[28]">SystemInit</a> from system_stm32f0xx.o(i.SystemInit) referenced from startup_stm32f031x6.o(.text)
 <LI><a href="#[21]">TIM14_IRQHandler</a> from startup_stm32f031x6.o(.text) referenced from startup_stm32f031x6.o(RESET)
 <LI><a href="#[22]">TIM16_IRQHandler</a> from startup_stm32f031x6.o(.text) referenced from startup_stm32f031x6.o(RESET)
 <LI><a href="#[23]">TIM17_IRQHandler</a> from startup_stm32f031x6.o(.text) referenced from startup_stm32f031x6.o(RESET)
 <LI><a href="#[1d]">TIM1_BRK_UP_TRG_COM_IRQHandler</a> from startup_stm32f031x6.o(.text) referenced from startup_stm32f031x6.o(RESET)
 <LI><a href="#[1e]">TIM1_CC_IRQHandler</a> from startup_stm32f031x6.o(.text) referenced from startup_stm32f031x6.o(RESET)
 <LI><a href="#[1f]">TIM2_IRQHandler</a> from startup_stm32f031x6.o(.text) referenced from startup_stm32f031x6.o(RESET)
 <LI><a href="#[20]">TIM3_IRQHandler</a> from startup_stm32f031x6.o(.text) referenced from startup_stm32f031x6.o(RESET)
 <LI><a href="#[26]">USART1_IRQHandler</a> from startup_stm32f031x6.o(.text) referenced from startup_stm32f031x6.o(RESET)
 <LI><a href="#[11]">WWDG_IRQHandler</a> from startup_stm32f031x6.o(.text) referenced from startup_stm32f031x6.o(RESET)
 <LI><a href="#[36]">mbed::SPI::write(int)</a> from SPI.o(i._ZN4mbed3SPI5writeEi) referenced from SPI.o(.constdata__ZTVN4mbed3SPIE)
 <LI><a href="#[29]">__main</a> from entry.o(.ARM.Collect$$$$00000000) referenced from startup_stm32f031x6.o(.text)
 <LI><a href="#[37]">__sti___8_main_cpp_oled</a> from main.o(.text) referenced from main.o(.init_array)
 <LI><a href="#[2b]">_sbackspace</a> from _sgetc.o(.text) referenced from __0sscanf.o(.text)
 <LI><a href="#[2c]">_scanf_char_input</a> from scanf_char.o(.text) referenced from scanf_char.o(.text)
 <LI><a href="#[2a]">_sgetc</a> from _sgetc.o(.text) referenced from __0sscanf.o(.text)
 <LI><a href="#[30]">_sputc</a> from printfa.o(i._sputc) referenced from printfa.o(i.__0vsprintf)
 <LI><a href="#[2f]">fputc</a> from fputc_fp.o(.text) referenced from printfa.o(i.__0vfprintf)
 <LI><a href="#[2d]">isspace</a> from isspace_c.o(.text) referenced from scanf_char.o(.text)
 <LI><a href="#[27]">main</a> from retarget.o(i.$Sub$$main) referenced from entry9a.o(.ARM.Collect$$$$0000000B)
 <LI><a href="#[7]">rtc_init</a> from rtc_api.o(i.rtc_init) referenced 2 times from rtc_time.o(.data)
 <LI><a href="#[8]">rtc_isenabled</a> from rtc_api.o(i.rtc_isenabled) referenced 2 times from rtc_time.o(.data)
 <LI><a href="#[9]">rtc_read</a> from rtc_api.o(i.rtc_read) referenced 2 times from rtc_time.o(.data)
 <LI><a href="#[a]">rtc_write</a> from rtc_api.o(i.rtc_write) referenced 2 times from rtc_time.o(.data)
 <LI><a href="#[2e]">timer_irq_handler</a> from hal_tick.o(i.timer_irq_handler) referenced from hal_tick.o(i.HAL_InitTick)
 <LI><a href="#[34]">us_ticker_clear_interrupt</a> from us_ticker.o(i.us_ticker_clear_interrupt) referenced from us_ticker_api.o(.constdata)
 <LI><a href="#[33]">us_ticker_disable_interrupt</a> from us_ticker.o(i.us_ticker_disable_interrupt) referenced from us_ticker_api.o(.constdata)
 <LI><a href="#[31]">us_ticker_init</a> from us_ticker.o(i.us_ticker_init) referenced from us_ticker_api.o(.constdata)
 <LI><a href="#[32]">us_ticker_read</a> from us_ticker.o(i.us_ticker_read) referenced from us_ticker_api.o(.constdata)
 <LI><a href="#[35]">us_ticker_set_interrupt</a> from us_ticker.o(i.us_ticker_set_interrupt) referenced from us_ticker_api.o(.constdata)
</UL>
<P>
<H3>
Global Symbols
</H3>
<P><STRONG><a name="[29]"></a>__main</STRONG> (Thumb, 0 bytes, Stack size unknown bytes, entry.o(.ARM.Collect$$$$00000000))
<BR>[Address Reference Count : 1]<UL><LI> startup_stm32f031x6.o(.text)
</UL>
<P><STRONG><a name="[e6]"></a>_main_stk</STRONG> (Thumb, 0 bytes, Stack size unknown bytes, entry2.o(.ARM.Collect$$$$00000001))

<P><STRONG><a name="[39]"></a>_main_scatterload</STRONG> (Thumb, 0 bytes, Stack size unknown bytes, entry5.o(.ARM.Collect$$$$00000004))
<BR><BR>[Calls]<UL><LI><a href="#[3a]">&gt;&gt;</a>&nbsp;&nbsp;&nbsp;__scatterload
</UL>

<P><STRONG><a name="[8c]"></a>__main_after_scatterload</STRONG> (Thumb, 0 bytes, Stack size unknown bytes, entry5.o(.ARM.Collect$$$$00000004))
<BR><BR>[Called By]<UL><LI><a href="#[3a]">&gt;&gt;</a>&nbsp;&nbsp;&nbsp;__scatterload
</UL>

<P><STRONG><a name="[3b]"></a>__use_full_stdio</STRONG> (Thumb, 0 bytes, Stack size unknown bytes, entry6b.o(.ARM.Collect$$$$00000006))
<BR><BR>[Stack]<UL><LI>Max Depth = 240 + Unknown Stack Size
<LI>Call Chain = __use_full_stdio &rArr; _initio &rArr; _sys_open &rArr; __0sscanf &rArr; __vfscanf_char &rArr; __vfscanf &rArr; _scanf_int
</UL>
<BR>[Calls]<UL><LI><a href="#[3c]">&gt;&gt;</a>&nbsp;&nbsp;&nbsp;_initio
</UL>

<P><STRONG><a name="[73]"></a>__main_after_initio</STRONG> (Thumb, 0 bytes, Stack size unknown bytes, entry6b.o(.ARM.Collect$$$$00000006))
<BR><BR>[Called By]<UL><LI><a href="#[3c]">&gt;&gt;</a>&nbsp;&nbsp;&nbsp;_initio
</UL>

<P><STRONG><a name="[e7]"></a>_main_clock</STRONG> (Thumb, 0 bytes, Stack size unknown bytes, entry7b.o(.ARM.Collect$$$$00000008))

<P><STRONG><a name="[3d]"></a>_main_cpp_init$empty</STRONG> (Thumb, 0 bytes, Stack size unknown bytes, entry8a.o(.ARM.Collect$$$$00000009))
<BR><BR>[Stack]<UL><LI>Max Depth = 16 + Unknown Stack Size
<LI>Call Chain = _main_cpp_init$empty &rArr; __cpp_initialize__aeabi_
</UL>
<BR>[Calls]<UL><LI><a href="#[38]">&gt;&gt;</a>&nbsp;&nbsp;&nbsp;__cpp_initialize__aeabi_
</UL>

<P><STRONG><a name="[e8]"></a>_main_cpp_init</STRONG> (Thumb, 0 bytes, Stack size unknown bytes, entry8b.o(.ARM.Collect$$$$0000000A))

<P><STRONG><a name="[e9]"></a>_main_init</STRONG> (Thumb, 0 bytes, Stack size unknown bytes, entry9a.o(.ARM.Collect$$$$0000000B))

<P><STRONG><a name="[ea]"></a>__rt_final_cpp</STRONG> (Thumb, 0 bytes, Stack size unknown bytes, entry10a.o(.ARM.Collect$$$$0000000D))

<P><STRONG><a name="[eb]"></a>__rt_final_exit</STRONG> (Thumb, 0 bytes, Stack size unknown bytes, entry11a.o(.ARM.Collect$$$$0000000F))

<P><STRONG><a name="[3e]"></a>testdrawbitmap(const unsigned char*, int, int)</STRONG> (Thumb, 228 bytes, Stack size 80 bytes, main.o(.text))
<BR><BR>[Stack]<UL><LI>Max Depth = 248<LI>Call Chain = testdrawbitmap(const unsigned char*, int, int) &rArr; SSD1306::update() &rArr; SSD1306::hv_set_column_address(unsigned char, unsigned char) &rArr; SSD1306::_send_command(unsigned char) &rArr; mbed::DigitalOut::operator =(int) &rArr; mbed_assert_internal &rArr; error &rArr; exit &rArr; mbed_die &rArr; wait_ms &rArr; us_ticker_read &rArr; HAL_InitTick &rArr; HAL_TIM_OC_Init &rArr; TIM_Base_SetConfig
</UL>
<BR>[Calls]<UL><LI><a href="#[45]">&gt;&gt;</a>&nbsp;&nbsp;&nbsp;wait
<LI><a href="#[3f]">&gt;&gt;</a>&nbsp;&nbsp;&nbsp;time
<LI><a href="#[44]">&gt;&gt;</a>&nbsp;&nbsp;&nbsp;SSD1306::update()
<LI><a href="#[43]">&gt;&gt;</a>&nbsp;&nbsp;&nbsp;SSD1306::drawBitmap(int, int, const unsigned char*, int, int, int)
<LI><a href="#[40]">&gt;&gt;</a>&nbsp;&nbsp;&nbsp;srand
<LI><a href="#[41]">&gt;&gt;</a>&nbsp;&nbsp;&nbsp;rand
<LI><a href="#[42]">&gt;&gt;</a>&nbsp;&nbsp;&nbsp;__aeabi_idivmod
</UL>
<BR>[Called By]<UL><LI><a href="#[49]">&gt;&gt;</a>&nbsp;&nbsp;&nbsp;$Super$$main
</UL>

<P><STRONG><a name="[46]"></a>testdrawline()</STRONG> (Thumb, 294 bytes, Stack size 24 bytes, main.o(.text))
<BR><BR>[Stack]<UL><LI>Max Depth = 192<LI>Call Chain = testdrawline() &rArr; SSD1306::update() &rArr; SSD1306::hv_set_column_address(unsigned char, unsigned char) &rArr; SSD1306::_send_command(unsigned char) &rArr; mbed::DigitalOut::operator =(int) &rArr; mbed_assert_internal &rArr; error &rArr; exit &rArr; mbed_die &rArr; wait_ms &rArr; us_ticker_read &rArr; HAL_InitTick &rArr; HAL_TIM_OC_Init &rArr; TIM_Base_SetConfig
</UL>
<BR>[Calls]<UL><LI><a href="#[45]">&gt;&gt;</a>&nbsp;&nbsp;&nbsp;wait
<LI><a href="#[44]">&gt;&gt;</a>&nbsp;&nbsp;&nbsp;SSD1306::update()
<LI><a href="#[48]">&gt;&gt;</a>&nbsp;&nbsp;&nbsp;SSD1306::clear()
<LI><a href="#[47]">&gt;&gt;</a>&nbsp;&nbsp;&nbsp;SSD1306::line(int, int, int, int)
</UL>
<BR>[Called By]<UL><LI><a href="#[49]">&gt;&gt;</a>&nbsp;&nbsp;&nbsp;$Super$$main
</UL>

<P><STRONG><a name="[49]"></a>$Super$$main</STRONG> (Thumb, 196 bytes, Stack size 16 bytes, main.o(.text))
<BR><BR>[Stack]<UL><LI>Max Depth = 264<LI>Call Chain = $Super$$main &rArr; testdrawbitmap(const unsigned char*, int, int) &rArr; SSD1306::update() &rArr; SSD1306::hv_set_column_address(unsigned char, unsigned char) &rArr; SSD1306::_send_command(unsigned char) &rArr; mbed::DigitalOut::operator =(int) &rArr; mbed_assert_internal &rArr; error &rArr; exit &rArr; mbed_die &rArr; wait_ms &rArr; us_ticker_read &rArr; HAL_InitTick &rArr; HAL_TIM_OC_Init &rArr; TIM_Base_SetConfig
</UL>
<BR>[Calls]<UL><LI><a href="#[45]">&gt;&gt;</a>&nbsp;&nbsp;&nbsp;wait
<LI><a href="#[4e]">&gt;&gt;</a>&nbsp;&nbsp;&nbsp;SSD1306::scroll_up()
<LI><a href="#[4c]">&gt;&gt;</a>&nbsp;&nbsp;&nbsp;SSD1306::set_font(unsigned char*, unsigned)
<LI><a href="#[44]">&gt;&gt;</a>&nbsp;&nbsp;&nbsp;SSD1306::update()
<LI><a href="#[4d]">&gt;&gt;</a>&nbsp;&nbsp;&nbsp;SSD1306::printf(const char*, ...)
<LI><a href="#[48]">&gt;&gt;</a>&nbsp;&nbsp;&nbsp;SSD1306::clear()
<LI><a href="#[47]">&gt;&gt;</a>&nbsp;&nbsp;&nbsp;SSD1306::line(int, int, int, int)
<LI><a href="#[4b]">&gt;&gt;</a>&nbsp;&nbsp;&nbsp;SSD1306::set_contrast(unsigned char)
<LI><a href="#[4a]">&gt;&gt;</a>&nbsp;&nbsp;&nbsp;SSD1306::initialise()
<LI><a href="#[43]">&gt;&gt;</a>&nbsp;&nbsp;&nbsp;SSD1306::drawBitmap(int, int, const unsigned char*, int, int, int)
<LI><a href="#[46]">&gt;&gt;</a>&nbsp;&nbsp;&nbsp;testdrawline()
<LI><a href="#[3e]">&gt;&gt;</a>&nbsp;&nbsp;&nbsp;testdrawbitmap(const unsigned char*, int, int)
</UL>
<BR>[Called By]<UL><LI><a href="#[27]">&gt;&gt;</a>&nbsp;&nbsp;&nbsp;main
</UL>

<P><STRONG><a name="[4f]"></a>SSD1306::SSD1306(PinName, PinName, PinName, PinName, PinName)</STRONG> (Thumb, 66 bytes, Stack size 24 bytes, ssd1306.o(.text))
<BR><BR>[Stack]<UL><LI>Max Depth = 264<LI>Call Chain = SSD1306::SSD1306(PinName, PinName, PinName, PinName, PinName) &rArr; mbed::SPI::SPI(PinName, PinName, PinName, PinName) &rArr; spi_init &rArr; pinmap_pinout &rArr; pin_function &rArr; Set_GPIO_Clock &rArr; error &rArr; exit &rArr; mbed_die &rArr; wait_ms &rArr; us_ticker_read &rArr; HAL_InitTick &rArr; HAL_TIM_OC_Init &rArr; TIM_Base_SetConfig
</UL>
<BR>[Calls]<UL><LI><a href="#[51]">&gt;&gt;</a>&nbsp;&nbsp;&nbsp;mbed::DigitalOut::DigitalOut(PinName)
<LI><a href="#[50]">&gt;&gt;</a>&nbsp;&nbsp;&nbsp;mbed::SPI::SPI(PinName, PinName, PinName, PinName)
</UL>
<BR>[Called By]<UL><LI><a href="#[37]">&gt;&gt;</a>&nbsp;&nbsp;&nbsp;__sti___8_main_cpp_oled
</UL>

<P><STRONG><a name="[ec]"></a>SSD1306::SSD1306__sub_object(PinName, PinName, PinName, PinName, PinName)</STRONG> (Thumb, 0 bytes, Stack size 24 bytes, ssd1306.o(.text), UNUSED)

<P><STRONG><a name="[52]"></a>SSD1306::_send_command(unsigned char)</STRONG> (Thumb, 54 bytes, Stack size 16 bytes, ssd1306.o(.text))
<BR><BR>[Stack]<UL><LI>Max Depth = 136<LI>Call Chain = SSD1306::_send_command(unsigned char) &rArr; mbed::DigitalOut::operator =(int) &rArr; mbed_assert_internal &rArr; error &rArr; exit &rArr; mbed_die &rArr; wait_ms &rArr; us_ticker_read &rArr; HAL_InitTick &rArr; HAL_TIM_OC_Init &rArr; TIM_Base_SetConfig
</UL>
<BR>[Calls]<UL><LI><a href="#[53]">&gt;&gt;</a>&nbsp;&nbsp;&nbsp;mbed::DigitalOut::operator =(int)
<LI><a href="#[36]">&gt;&gt;</a>&nbsp;&nbsp;&nbsp;mbed::SPI::write(int)
</UL>
<BR>[Called By]<UL><LI><a href="#[6c]">&gt;&gt;</a>&nbsp;&nbsp;&nbsp;SSD1306::nop()
<LI><a href="#[6b]">&gt;&gt;</a>&nbsp;&nbsp;&nbsp;SSD1306::stop_scroll()
<LI><a href="#[6a]">&gt;&gt;</a>&nbsp;&nbsp;&nbsp;SSD1306::start_vertical_and_horizontal_scroll(unsigned char, unsigned char, unsigned char, unsigned char, unsigned char)
<LI><a href="#[69]">&gt;&gt;</a>&nbsp;&nbsp;&nbsp;SSD1306::start_horizontal_scroll(unsigned char, unsigned char, unsigned char, unsigned char)
<LI><a href="#[68]">&gt;&gt;</a>&nbsp;&nbsp;&nbsp;SSD1306::sleep()
<LI><a href="#[67]">&gt;&gt;</a>&nbsp;&nbsp;&nbsp;SSD1306::on()
<LI><a href="#[65]">&gt;&gt;</a>&nbsp;&nbsp;&nbsp;SSD1306::off()
<LI><a href="#[64]">&gt;&gt;</a>&nbsp;&nbsp;&nbsp;SSD1306::set_display_clock_ratio_and_frequency(unsigned char, unsigned char)
<LI><a href="#[63]">&gt;&gt;</a>&nbsp;&nbsp;&nbsp;SSD1306::set_multiplex_ratio(unsigned char)
<LI><a href="#[62]">&gt;&gt;</a>&nbsp;&nbsp;&nbsp;SSD1306::set_precharge_period(unsigned char, unsigned char)
<LI><a href="#[61]">&gt;&gt;</a>&nbsp;&nbsp;&nbsp;SSD1306::set_display_offset(unsigned char)
<LI><a href="#[60]">&gt;&gt;</a>&nbsp;&nbsp;&nbsp;SSD1306::set_display_start_line(unsigned char)
<LI><a href="#[5f]">&gt;&gt;</a>&nbsp;&nbsp;&nbsp;SSD1306::set_charge_pump_enable(unsigned char)
<LI><a href="#[5e]">&gt;&gt;</a>&nbsp;&nbsp;&nbsp;SSD1306::set_memory_addressing_mode(unsigned char)
<LI><a href="#[5d]">&gt;&gt;</a>&nbsp;&nbsp;&nbsp;SSD1306::set_segment_remap(unsigned char)
<LI><a href="#[5c]">&gt;&gt;</a>&nbsp;&nbsp;&nbsp;SSD1306::set_com_output_scan_direction(unsigned char)
<LI><a href="#[5b]">&gt;&gt;</a>&nbsp;&nbsp;&nbsp;SSD1306::set_com_pins_hardware_configuration(unsigned char, unsigned char)
<LI><a href="#[5a]">&gt;&gt;</a>&nbsp;&nbsp;&nbsp;SSD1306::set_vcomh_deselect_level(unsigned char)
<LI><a href="#[59]">&gt;&gt;</a>&nbsp;&nbsp;&nbsp;SSD1306::wake()
<LI><a href="#[58]">&gt;&gt;</a>&nbsp;&nbsp;&nbsp;SSD1306::set_inverse(unsigned char)
<LI><a href="#[57]">&gt;&gt;</a>&nbsp;&nbsp;&nbsp;SSD1306::hv_set_column_address(unsigned char, unsigned char)
<LI><a href="#[56]">&gt;&gt;</a>&nbsp;&nbsp;&nbsp;SSD1306::hv_set_page_address(unsigned char, unsigned char)
<LI><a href="#[55]">&gt;&gt;</a>&nbsp;&nbsp;&nbsp;SSD1306::pam_set_start_address(unsigned char)
<LI><a href="#[54]">&gt;&gt;</a>&nbsp;&nbsp;&nbsp;SSD1306::pam_set_page_start(unsigned char)
<LI><a href="#[4b]">&gt;&gt;</a>&nbsp;&nbsp;&nbsp;SSD1306::set_contrast(unsigned char)
</UL>

<P><STRONG><a name="[54]"></a>SSD1306::pam_set_page_start(unsigned char)</STRONG> (Thumb, 8 bytes, Stack size 0 bytes, ssd1306.o(.text))
<BR><BR>[Stack]<UL><LI>Max Depth = 136<LI>Call Chain = SSD1306::pam_set_page_start(unsigned char) &rArr; SSD1306::_send_command(unsigned char) &rArr; mbed::DigitalOut::operator =(int) &rArr; mbed_assert_internal &rArr; error &rArr; exit &rArr; mbed_die &rArr; wait_ms &rArr; us_ticker_read &rArr; HAL_InitTick &rArr; HAL_TIM_OC_Init &rArr; TIM_Base_SetConfig
</UL>
<BR>[Calls]<UL><LI><a href="#[52]">&gt;&gt;</a>&nbsp;&nbsp;&nbsp;SSD1306::_send_command(unsigned char)
</UL>
<BR>[Called By]<UL><LI><a href="#[4a]">&gt;&gt;</a>&nbsp;&nbsp;&nbsp;SSD1306::initialise()
</UL>

<P><STRONG><a name="[55]"></a>SSD1306::pam_set_start_address(unsigned char)</STRONG> (Thumb, 24 bytes, Stack size 8 bytes, ssd1306.o(.text))
<BR><BR>[Stack]<UL><LI>Max Depth = 144<LI>Call Chain = SSD1306::pam_set_start_address(unsigned char) &rArr; SSD1306::_send_command(unsigned char) &rArr; mbed::DigitalOut::operator =(int) &rArr; mbed_assert_internal &rArr; error &rArr; exit &rArr; mbed_die &rArr; wait_ms &rArr; us_ticker_read &rArr; HAL_InitTick &rArr; HAL_TIM_OC_Init &rArr; TIM_Base_SetConfig
</UL>
<BR>[Calls]<UL><LI><a href="#[52]">&gt;&gt;</a>&nbsp;&nbsp;&nbsp;SSD1306::_send_command(unsigned char)
</UL>
<BR>[Called By]<UL><LI><a href="#[4a]">&gt;&gt;</a>&nbsp;&nbsp;&nbsp;SSD1306::initialise()
</UL>

<P><STRONG><a name="[56]"></a>SSD1306::hv_set_page_address(unsigned char, unsigned char)</STRONG> (Thumb, 38 bytes, Stack size 16 bytes, ssd1306.o(.text))
<BR><BR>[Stack]<UL><LI>Max Depth = 152<LI>Call Chain = SSD1306::hv_set_page_address(unsigned char, unsigned char) &rArr; SSD1306::_send_command(unsigned char) &rArr; mbed::DigitalOut::operator =(int) &rArr; mbed_assert_internal &rArr; error &rArr; exit &rArr; mbed_die &rArr; wait_ms &rArr; us_ticker_read &rArr; HAL_InitTick &rArr; HAL_TIM_OC_Init &rArr; TIM_Base_SetConfig
</UL>
<BR>[Calls]<UL><LI><a href="#[52]">&gt;&gt;</a>&nbsp;&nbsp;&nbsp;SSD1306::_send_command(unsigned char)
</UL>
<BR>[Called By]<UL><LI><a href="#[44]">&gt;&gt;</a>&nbsp;&nbsp;&nbsp;SSD1306::update()
<LI><a href="#[4a]">&gt;&gt;</a>&nbsp;&nbsp;&nbsp;SSD1306::initialise()
</UL>

<P><STRONG><a name="[57]"></a>SSD1306::hv_set_column_address(unsigned char, unsigned char)</STRONG> (Thumb, 38 bytes, Stack size 16 bytes, ssd1306.o(.text))
<BR><BR>[Stack]<UL><LI>Max Depth = 152<LI>Call Chain = SSD1306::hv_set_column_address(unsigned char, unsigned char) &rArr; SSD1306::_send_command(unsigned char) &rArr; mbed::DigitalOut::operator =(int) &rArr; mbed_assert_internal &rArr; error &rArr; exit &rArr; mbed_die &rArr; wait_ms &rArr; us_ticker_read &rArr; HAL_InitTick &rArr; HAL_TIM_OC_Init &rArr; TIM_Base_SetConfig
</UL>
<BR>[Calls]<UL><LI><a href="#[52]">&gt;&gt;</a>&nbsp;&nbsp;&nbsp;SSD1306::_send_command(unsigned char)
</UL>
<BR>[Called By]<UL><LI><a href="#[44]">&gt;&gt;</a>&nbsp;&nbsp;&nbsp;SSD1306::update()
<LI><a href="#[4a]">&gt;&gt;</a>&nbsp;&nbsp;&nbsp;SSD1306::initialise()
</UL>

<P><STRONG><a name="[58]"></a>SSD1306::set_inverse(unsigned char)</STRONG> (Thumb, 12 bytes, Stack size 0 bytes, ssd1306.o(.text))
<BR><BR>[Stack]<UL><LI>Max Depth = 136<LI>Call Chain = SSD1306::set_inverse(unsigned char) &rArr; SSD1306::_send_command(unsigned char) &rArr; mbed::DigitalOut::operator =(int) &rArr; mbed_assert_internal &rArr; error &rArr; exit &rArr; mbed_die &rArr; wait_ms &rArr; us_ticker_read &rArr; HAL_InitTick &rArr; HAL_TIM_OC_Init &rArr; TIM_Base_SetConfig
</UL>
<BR>[Calls]<UL><LI><a href="#[52]">&gt;&gt;</a>&nbsp;&nbsp;&nbsp;SSD1306::_send_command(unsigned char)
</UL>
<BR>[Called By]<UL><LI><a href="#[4a]">&gt;&gt;</a>&nbsp;&nbsp;&nbsp;SSD1306::initialise()
</UL>

<P><STRONG><a name="[59]"></a>SSD1306::wake()</STRONG> (Thumb, 4 bytes, Stack size 0 bytes, ssd1306.o(.text))
<BR><BR>[Stack]<UL><LI>Max Depth = 136<LI>Call Chain = SSD1306::wake() &rArr; SSD1306::_send_command(unsigned char) &rArr; mbed::DigitalOut::operator =(int) &rArr; mbed_assert_internal &rArr; error &rArr; exit &rArr; mbed_die &rArr; wait_ms &rArr; us_ticker_read &rArr; HAL_InitTick &rArr; HAL_TIM_OC_Init &rArr; TIM_Base_SetConfig
</UL>
<BR>[Calls]<UL><LI><a href="#[52]">&gt;&gt;</a>&nbsp;&nbsp;&nbsp;SSD1306::_send_command(unsigned char)
</UL>
<BR>[Called By]<UL><LI><a href="#[4a]">&gt;&gt;</a>&nbsp;&nbsp;&nbsp;SSD1306::initialise()
</UL>

<P><STRONG><a name="[5a]"></a>SSD1306::set_vcomh_deselect_level(unsigned char)</STRONG> (Thumb, 26 bytes, Stack size 16 bytes, ssd1306.o(.text))
<BR><BR>[Stack]<UL><LI>Max Depth = 152<LI>Call Chain = SSD1306::set_vcomh_deselect_level(unsigned char) &rArr; SSD1306::_send_command(unsigned char) &rArr; mbed::DigitalOut::operator =(int) &rArr; mbed_assert_internal &rArr; error &rArr; exit &rArr; mbed_die &rArr; wait_ms &rArr; us_ticker_read &rArr; HAL_InitTick &rArr; HAL_TIM_OC_Init &rArr; TIM_Base_SetConfig
</UL>
<BR>[Calls]<UL><LI><a href="#[52]">&gt;&gt;</a>&nbsp;&nbsp;&nbsp;SSD1306::_send_command(unsigned char)
</UL>
<BR>[Called By]<UL><LI><a href="#[4a]">&gt;&gt;</a>&nbsp;&nbsp;&nbsp;SSD1306::initialise()
</UL>

<P><STRONG><a name="[4b]"></a>SSD1306::set_contrast(unsigned char)</STRONG> (Thumb, 24 bytes, Stack size 16 bytes, ssd1306.o(.text))
<BR><BR>[Stack]<UL><LI>Max Depth = 152<LI>Call Chain = SSD1306::set_contrast(unsigned char) &rArr; SSD1306::_send_command(unsigned char) &rArr; mbed::DigitalOut::operator =(int) &rArr; mbed_assert_internal &rArr; error &rArr; exit &rArr; mbed_die &rArr; wait_ms &rArr; us_ticker_read &rArr; HAL_InitTick &rArr; HAL_TIM_OC_Init &rArr; TIM_Base_SetConfig
</UL>
<BR>[Calls]<UL><LI><a href="#[52]">&gt;&gt;</a>&nbsp;&nbsp;&nbsp;SSD1306::_send_command(unsigned char)
</UL>
<BR>[Called By]<UL><LI><a href="#[49]">&gt;&gt;</a>&nbsp;&nbsp;&nbsp;$Super$$main
<LI><a href="#[4a]">&gt;&gt;</a>&nbsp;&nbsp;&nbsp;SSD1306::initialise()
</UL>

<P><STRONG><a name="[5b]"></a>SSD1306::set_com_pins_hardware_configuration(unsigned char, unsigned char)</STRONG> (Thumb, 36 bytes, Stack size 16 bytes, ssd1306.o(.text))
<BR><BR>[Stack]<UL><LI>Max Depth = 152<LI>Call Chain = SSD1306::set_com_pins_hardware_configuration(unsigned char, unsigned char) &rArr; SSD1306::_send_command(unsigned char) &rArr; mbed::DigitalOut::operator =(int) &rArr; mbed_assert_internal &rArr; error &rArr; exit &rArr; mbed_die &rArr; wait_ms &rArr; us_ticker_read &rArr; HAL_InitTick &rArr; HAL_TIM_OC_Init &rArr; TIM_Base_SetConfig
</UL>
<BR>[Calls]<UL><LI><a href="#[52]">&gt;&gt;</a>&nbsp;&nbsp;&nbsp;SSD1306::_send_command(unsigned char)
</UL>
<BR>[Called By]<UL><LI><a href="#[4a]">&gt;&gt;</a>&nbsp;&nbsp;&nbsp;SSD1306::initialise()
</UL>

<P><STRONG><a name="[5c]"></a>SSD1306::set_com_output_scan_direction(unsigned char)</STRONG> (Thumb, 12 bytes, Stack size 0 bytes, ssd1306.o(.text))
<BR><BR>[Stack]<UL><LI>Max Depth = 136<LI>Call Chain = SSD1306::set_com_output_scan_direction(unsigned char) &rArr; SSD1306::_send_command(unsigned char) &rArr; mbed::DigitalOut::operator =(int) &rArr; mbed_assert_internal &rArr; error &rArr; exit &rArr; mbed_die &rArr; wait_ms &rArr; us_ticker_read &rArr; HAL_InitTick &rArr; HAL_TIM_OC_Init &rArr; TIM_Base_SetConfig
</UL>
<BR>[Calls]<UL><LI><a href="#[52]">&gt;&gt;</a>&nbsp;&nbsp;&nbsp;SSD1306::_send_command(unsigned char)
</UL>
<BR>[Called By]<UL><LI><a href="#[4a]">&gt;&gt;</a>&nbsp;&nbsp;&nbsp;SSD1306::initialise()
</UL>

<P><STRONG><a name="[5d]"></a>SSD1306::set_segment_remap(unsigned char)</STRONG> (Thumb, 12 bytes, Stack size 0 bytes, ssd1306.o(.text))
<BR><BR>[Stack]<UL><LI>Max Depth = 136<LI>Call Chain = SSD1306::set_segment_remap(unsigned char) &rArr; SSD1306::_send_command(unsigned char) &rArr; mbed::DigitalOut::operator =(int) &rArr; mbed_assert_internal &rArr; error &rArr; exit &rArr; mbed_die &rArr; wait_ms &rArr; us_ticker_read &rArr; HAL_InitTick &rArr; HAL_TIM_OC_Init &rArr; TIM_Base_SetConfig
</UL>
<BR>[Calls]<UL><LI><a href="#[52]">&gt;&gt;</a>&nbsp;&nbsp;&nbsp;SSD1306::_send_command(unsigned char)
</UL>
<BR>[Called By]<UL><LI><a href="#[4a]">&gt;&gt;</a>&nbsp;&nbsp;&nbsp;SSD1306::initialise()
</UL>

<P><STRONG><a name="[5e]"></a>SSD1306::set_memory_addressing_mode(unsigned char)</STRONG> (Thumb, 26 bytes, Stack size 16 bytes, ssd1306.o(.text))
<BR><BR>[Stack]<UL><LI>Max Depth = 152<LI>Call Chain = SSD1306::set_memory_addressing_mode(unsigned char) &rArr; SSD1306::_send_command(unsigned char) &rArr; mbed::DigitalOut::operator =(int) &rArr; mbed_assert_internal &rArr; error &rArr; exit &rArr; mbed_die &rArr; wait_ms &rArr; us_ticker_read &rArr; HAL_InitTick &rArr; HAL_TIM_OC_Init &rArr; TIM_Base_SetConfig
</UL>
<BR>[Calls]<UL><LI><a href="#[52]">&gt;&gt;</a>&nbsp;&nbsp;&nbsp;SSD1306::_send_command(unsigned char)
</UL>
<BR>[Called By]<UL><LI><a href="#[4a]">&gt;&gt;</a>&nbsp;&nbsp;&nbsp;SSD1306::initialise()
</UL>

<P><STRONG><a name="[5f]"></a>SSD1306::set_charge_pump_enable(unsigned char)</STRONG> (Thumb, 32 bytes, Stack size 16 bytes, ssd1306.o(.text))
<BR><BR>[Stack]<UL><LI>Max Depth = 152<LI>Call Chain = SSD1306::set_charge_pump_enable(unsigned char) &rArr; SSD1306::_send_command(unsigned char) &rArr; mbed::DigitalOut::operator =(int) &rArr; mbed_assert_internal &rArr; error &rArr; exit &rArr; mbed_die &rArr; wait_ms &rArr; us_ticker_read &rArr; HAL_InitTick &rArr; HAL_TIM_OC_Init &rArr; TIM_Base_SetConfig
</UL>
<BR>[Calls]<UL><LI><a href="#[52]">&gt;&gt;</a>&nbsp;&nbsp;&nbsp;SSD1306::_send_command(unsigned char)
</UL>
<BR>[Called By]<UL><LI><a href="#[4a]">&gt;&gt;</a>&nbsp;&nbsp;&nbsp;SSD1306::initialise()
</UL>

<P><STRONG><a name="[60]"></a>SSD1306::set_display_start_line(unsigned char)</STRONG> (Thumb, 6 bytes, Stack size 0 bytes, ssd1306.o(.text))
<BR><BR>[Stack]<UL><LI>Max Depth = 136<LI>Call Chain = SSD1306::set_display_start_line(unsigned char) &rArr; SSD1306::_send_command(unsigned char) &rArr; mbed::DigitalOut::operator =(int) &rArr; mbed_assert_internal &rArr; error &rArr; exit &rArr; mbed_die &rArr; wait_ms &rArr; us_ticker_read &rArr; HAL_InitTick &rArr; HAL_TIM_OC_Init &rArr; TIM_Base_SetConfig
</UL>
<BR>[Calls]<UL><LI><a href="#[52]">&gt;&gt;</a>&nbsp;&nbsp;&nbsp;SSD1306::_send_command(unsigned char)
</UL>
<BR>[Called By]<UL><LI><a href="#[4a]">&gt;&gt;</a>&nbsp;&nbsp;&nbsp;SSD1306::initialise()
</UL>

<P><STRONG><a name="[61]"></a>SSD1306::set_display_offset(unsigned char)</STRONG> (Thumb, 26 bytes, Stack size 16 bytes, ssd1306.o(.text))
<BR><BR>[Stack]<UL><LI>Max Depth = 152<LI>Call Chain = SSD1306::set_display_offset(unsigned char) &rArr; SSD1306::_send_command(unsigned char) &rArr; mbed::DigitalOut::operator =(int) &rArr; mbed_assert_internal &rArr; error &rArr; exit &rArr; mbed_die &rArr; wait_ms &rArr; us_ticker_read &rArr; HAL_InitTick &rArr; HAL_TIM_OC_Init &rArr; TIM_Base_SetConfig
</UL>
<BR>[Calls]<UL><LI><a href="#[52]">&gt;&gt;</a>&nbsp;&nbsp;&nbsp;SSD1306::_send_command(unsigned char)
</UL>
<BR>[Called By]<UL><LI><a href="#[4a]">&gt;&gt;</a>&nbsp;&nbsp;&nbsp;SSD1306::initialise()
</UL>

<P><STRONG><a name="[62]"></a>SSD1306::set_precharge_period(unsigned char, unsigned char)</STRONG> (Thumb, 34 bytes, Stack size 16 bytes, ssd1306.o(.text))
<BR><BR>[Stack]<UL><LI>Max Depth = 152<LI>Call Chain = SSD1306::set_precharge_period(unsigned char, unsigned char) &rArr; SSD1306::_send_command(unsigned char) &rArr; mbed::DigitalOut::operator =(int) &rArr; mbed_assert_internal &rArr; error &rArr; exit &rArr; mbed_die &rArr; wait_ms &rArr; us_ticker_read &rArr; HAL_InitTick &rArr; HAL_TIM_OC_Init &rArr; TIM_Base_SetConfig
</UL>
<BR>[Calls]<UL><LI><a href="#[52]">&gt;&gt;</a>&nbsp;&nbsp;&nbsp;SSD1306::_send_command(unsigned char)
</UL>
<BR>[Called By]<UL><LI><a href="#[4a]">&gt;&gt;</a>&nbsp;&nbsp;&nbsp;SSD1306::initialise()
</UL>

<P><STRONG><a name="[63]"></a>SSD1306::set_multiplex_ratio(unsigned char)</STRONG> (Thumb, 26 bytes, Stack size 16 bytes, ssd1306.o(.text))
<BR><BR>[Stack]<UL><LI>Max Depth = 152<LI>Call Chain = SSD1306::set_multiplex_ratio(unsigned char) &rArr; SSD1306::_send_command(unsigned char) &rArr; mbed::DigitalOut::operator =(int) &rArr; mbed_assert_internal &rArr; error &rArr; exit &rArr; mbed_die &rArr; wait_ms &rArr; us_ticker_read &rArr; HAL_InitTick &rArr; HAL_TIM_OC_Init &rArr; TIM_Base_SetConfig
</UL>
<BR>[Calls]<UL><LI><a href="#[52]">&gt;&gt;</a>&nbsp;&nbsp;&nbsp;SSD1306::_send_command(unsigned char)
</UL>
<BR>[Called By]<UL><LI><a href="#[4a]">&gt;&gt;</a>&nbsp;&nbsp;&nbsp;SSD1306::initialise()
</UL>

<P><STRONG><a name="[64]"></a>SSD1306::set_display_clock_ratio_and_frequency(unsigned char, unsigned char)</STRONG> (Thumb, 34 bytes, Stack size 16 bytes, ssd1306.o(.text))
<BR><BR>[Stack]<UL><LI>Max Depth = 152<LI>Call Chain = SSD1306::set_display_clock_ratio_and_frequency(unsigned char, unsigned char) &rArr; SSD1306::_send_command(unsigned char) &rArr; mbed::DigitalOut::operator =(int) &rArr; mbed_assert_internal &rArr; error &rArr; exit &rArr; mbed_die &rArr; wait_ms &rArr; us_ticker_read &rArr; HAL_InitTick &rArr; HAL_TIM_OC_Init &rArr; TIM_Base_SetConfig
</UL>
<BR>[Calls]<UL><LI><a href="#[52]">&gt;&gt;</a>&nbsp;&nbsp;&nbsp;SSD1306::_send_command(unsigned char)
</UL>
<BR>[Called By]<UL><LI><a href="#[4a]">&gt;&gt;</a>&nbsp;&nbsp;&nbsp;SSD1306::initialise()
</UL>

<P><STRONG><a name="[65]"></a>SSD1306::off()</STRONG> (Thumb, 4 bytes, Stack size 0 bytes, ssd1306.o(.text))
<BR><BR>[Stack]<UL><LI>Max Depth = 136<LI>Call Chain = SSD1306::off() &rArr; SSD1306::_send_command(unsigned char) &rArr; mbed::DigitalOut::operator =(int) &rArr; mbed_assert_internal &rArr; error &rArr; exit &rArr; mbed_die &rArr; wait_ms &rArr; us_ticker_read &rArr; HAL_InitTick &rArr; HAL_TIM_OC_Init &rArr; TIM_Base_SetConfig
</UL>
<BR>[Calls]<UL><LI><a href="#[52]">&gt;&gt;</a>&nbsp;&nbsp;&nbsp;SSD1306::_send_command(unsigned char)
</UL>
<BR>[Called By]<UL><LI><a href="#[4a]">&gt;&gt;</a>&nbsp;&nbsp;&nbsp;SSD1306::initialise()
</UL>

<P><STRONG><a name="[4a]"></a>SSD1306::initialise()</STRONG> (Thumb, 204 bytes, Stack size 16 bytes, ssd1306.o(.text))
<BR><BR>[Stack]<UL><LI>Max Depth = 168<LI>Call Chain = SSD1306::initialise() &rArr; SSD1306::set_display_clock_ratio_and_frequency(unsigned char, unsigned char) &rArr; SSD1306::_send_command(unsigned char) &rArr; mbed::DigitalOut::operator =(int) &rArr; mbed_assert_internal &rArr; error &rArr; exit &rArr; mbed_die &rArr; wait_ms &rArr; us_ticker_read &rArr; HAL_InitTick &rArr; HAL_TIM_OC_Init &rArr; TIM_Base_SetConfig
</UL>
<BR>[Calls]<UL><LI><a href="#[53]">&gt;&gt;</a>&nbsp;&nbsp;&nbsp;mbed::DigitalOut::operator =(int)
<LI><a href="#[65]">&gt;&gt;</a>&nbsp;&nbsp;&nbsp;SSD1306::off()
<LI><a href="#[64]">&gt;&gt;</a>&nbsp;&nbsp;&nbsp;SSD1306::set_display_clock_ratio_and_frequency(unsigned char, unsigned char)
<LI><a href="#[63]">&gt;&gt;</a>&nbsp;&nbsp;&nbsp;SSD1306::set_multiplex_ratio(unsigned char)
<LI><a href="#[62]">&gt;&gt;</a>&nbsp;&nbsp;&nbsp;SSD1306::set_precharge_period(unsigned char, unsigned char)
<LI><a href="#[61]">&gt;&gt;</a>&nbsp;&nbsp;&nbsp;SSD1306::set_display_offset(unsigned char)
<LI><a href="#[60]">&gt;&gt;</a>&nbsp;&nbsp;&nbsp;SSD1306::set_display_start_line(unsigned char)
<LI><a href="#[5f]">&gt;&gt;</a>&nbsp;&nbsp;&nbsp;SSD1306::set_charge_pump_enable(unsigned char)
<LI><a href="#[5e]">&gt;&gt;</a>&nbsp;&nbsp;&nbsp;SSD1306::set_memory_addressing_mode(unsigned char)
<LI><a href="#[5d]">&gt;&gt;</a>&nbsp;&nbsp;&nbsp;SSD1306::set_segment_remap(unsigned char)
<LI><a href="#[5c]">&gt;&gt;</a>&nbsp;&nbsp;&nbsp;SSD1306::set_com_output_scan_direction(unsigned char)
<LI><a href="#[5b]">&gt;&gt;</a>&nbsp;&nbsp;&nbsp;SSD1306::set_com_pins_hardware_configuration(unsigned char, unsigned char)
<LI><a href="#[5a]">&gt;&gt;</a>&nbsp;&nbsp;&nbsp;SSD1306::set_vcomh_deselect_level(unsigned char)
<LI><a href="#[59]">&gt;&gt;</a>&nbsp;&nbsp;&nbsp;SSD1306::wake()
<LI><a href="#[58]">&gt;&gt;</a>&nbsp;&nbsp;&nbsp;SSD1306::set_inverse(unsigned char)
<LI><a href="#[57]">&gt;&gt;</a>&nbsp;&nbsp;&nbsp;SSD1306::hv_set_column_address(unsigned char, unsigned char)
<LI><a href="#[56]">&gt;&gt;</a>&nbsp;&nbsp;&nbsp;SSD1306::hv_set_page_address(unsigned char, unsigned char)
<LI><a href="#[55]">&gt;&gt;</a>&nbsp;&nbsp;&nbsp;SSD1306::pam_set_start_address(unsigned char)
<LI><a href="#[54]">&gt;&gt;</a>&nbsp;&nbsp;&nbsp;SSD1306::pam_set_page_start(unsigned char)
<LI><a href="#[45]">&gt;&gt;</a>&nbsp;&nbsp;&nbsp;wait
<LI><a href="#[4b]">&gt;&gt;</a>&nbsp;&nbsp;&nbsp;SSD1306::set_contrast(unsigned char)
</UL>
<BR>[Called By]<UL><LI><a href="#[49]">&gt;&gt;</a>&nbsp;&nbsp;&nbsp;$Super$$main
</UL>

<P><STRONG><a name="[66]"></a>SSD1306::_send_data(unsigned char)</STRONG> (Thumb, 54 bytes, Stack size 16 bytes, ssd1306.o(.text))
<BR><BR>[Stack]<UL><LI>Max Depth = 136<LI>Call Chain = SSD1306::_send_data(unsigned char) &rArr; mbed::DigitalOut::operator =(int) &rArr; mbed_assert_internal &rArr; error &rArr; exit &rArr; mbed_die &rArr; wait_ms &rArr; us_ticker_read &rArr; HAL_InitTick &rArr; HAL_TIM_OC_Init &rArr; TIM_Base_SetConfig
</UL>
<BR>[Calls]<UL><LI><a href="#[53]">&gt;&gt;</a>&nbsp;&nbsp;&nbsp;mbed::DigitalOut::operator =(int)
<LI><a href="#[36]">&gt;&gt;</a>&nbsp;&nbsp;&nbsp;mbed::SPI::write(int)
</UL>
<BR>[Called By]<UL><LI><a href="#[44]">&gt;&gt;</a>&nbsp;&nbsp;&nbsp;SSD1306::update()
</UL>

<P><STRONG><a name="[44]"></a>SSD1306::update()</STRONG> (Thumb, 50 bytes, Stack size 16 bytes, ssd1306.o(.text))
<BR><BR>[Stack]<UL><LI>Max Depth = 168<LI>Call Chain = SSD1306::update() &rArr; SSD1306::hv_set_column_address(unsigned char, unsigned char) &rArr; SSD1306::_send_command(unsigned char) &rArr; mbed::DigitalOut::operator =(int) &rArr; mbed_assert_internal &rArr; error &rArr; exit &rArr; mbed_die &rArr; wait_ms &rArr; us_ticker_read &rArr; HAL_InitTick &rArr; HAL_TIM_OC_Init &rArr; TIM_Base_SetConfig
</UL>
<BR>[Calls]<UL><LI><a href="#[66]">&gt;&gt;</a>&nbsp;&nbsp;&nbsp;SSD1306::_send_data(unsigned char)
<LI><a href="#[57]">&gt;&gt;</a>&nbsp;&nbsp;&nbsp;SSD1306::hv_set_column_address(unsigned char, unsigned char)
<LI><a href="#[56]">&gt;&gt;</a>&nbsp;&nbsp;&nbsp;SSD1306::hv_set_page_address(unsigned char, unsigned char)
</UL>
<BR>[Called By]<UL><LI><a href="#[49]">&gt;&gt;</a>&nbsp;&nbsp;&nbsp;$Super$$main
<LI><a href="#[46]">&gt;&gt;</a>&nbsp;&nbsp;&nbsp;testdrawline()
<LI><a href="#[3e]">&gt;&gt;</a>&nbsp;&nbsp;&nbsp;testdrawbitmap(const unsigned char*, int, int)
</UL>

<P><STRONG><a name="[67]"></a>SSD1306::on()</STRONG> (Thumb, 4 bytes, Stack size 0 bytes, ssd1306.o(.text), UNUSED)
<BR><BR>[Calls]<UL><LI><a href="#[52]">&gt;&gt;</a>&nbsp;&nbsp;&nbsp;SSD1306::_send_command(unsigned char)
</UL>

<P><STRONG><a name="[68]"></a>SSD1306::sleep()</STRONG> (Thumb, 4 bytes, Stack size 0 bytes, ssd1306.o(.text), UNUSED)
<BR><BR>[Calls]<UL><LI><a href="#[52]">&gt;&gt;</a>&nbsp;&nbsp;&nbsp;SSD1306::_send_command(unsigned char)
</UL>

<P><STRONG><a name="[69]"></a>SSD1306::start_horizontal_scroll(unsigned char, unsigned char, unsigned char, unsigned char)</STRONG> (Thumb, 206 bytes, Stack size 24 bytes, ssd1306.o(.text), UNUSED)
<BR><BR>[Calls]<UL><LI><a href="#[52]">&gt;&gt;</a>&nbsp;&nbsp;&nbsp;SSD1306::_send_command(unsigned char)
</UL>

<P><STRONG><a name="[6a]"></a>SSD1306::start_vertical_and_horizontal_scroll(unsigned char, unsigned char, unsigned char, unsigned char, unsigned char)</STRONG> (Thumb, 198 bytes, Stack size 24 bytes, ssd1306.o(.text), UNUSED)
<BR><BR>[Calls]<UL><LI><a href="#[52]">&gt;&gt;</a>&nbsp;&nbsp;&nbsp;SSD1306::_send_command(unsigned char)
</UL>

<P><STRONG><a name="[6b]"></a>SSD1306::stop_scroll()</STRONG> (Thumb, 10 bytes, Stack size 8 bytes, ssd1306.o(.text), UNUSED)
<BR><BR>[Calls]<UL><LI><a href="#[52]">&gt;&gt;</a>&nbsp;&nbsp;&nbsp;SSD1306::_send_command(unsigned char)
</UL>

<P><STRONG><a name="[6c]"></a>SSD1306::nop()</STRONG> (Thumb, 10 bytes, Stack size 8 bytes, ssd1306.o(.text), UNUSED)
<BR><BR>[Calls]<UL><LI><a href="#[52]">&gt;&gt;</a>&nbsp;&nbsp;&nbsp;SSD1306::_send_command(unsigned char)
</UL>

<P><STRONG><a name="[48]"></a>SSD1306::clear()</STRONG> (Thumb, 30 bytes, Stack size 8 bytes, ssd1306.o(.text))
<BR><BR>[Stack]<UL><LI>Max Depth = 8<LI>Call Chain = SSD1306::clear()
</UL>
<BR>[Called By]<UL><LI><a href="#[49]">&gt;&gt;</a>&nbsp;&nbsp;&nbsp;$Super$$main
<LI><a href="#[46]">&gt;&gt;</a>&nbsp;&nbsp;&nbsp;testdrawline()
</UL>

<P><STRONG><a name="[6e]"></a>SSD1306::clear_pixel(int, int)</STRONG> (Thumb, 44 bytes, Stack size 8 bytes, ssd1306.o(.text))
<BR><BR>[Stack]<UL><LI>Max Depth = 8<LI>Call Chain = SSD1306::clear_pixel(int, int)
</UL>
<BR>[Called By]<UL><LI><a href="#[43]">&gt;&gt;</a>&nbsp;&nbsp;&nbsp;SSD1306::drawBitmap(int, int, const unsigned char*, int, int, int)
</UL>

<P><STRONG><a name="[6d]"></a>SSD1306::set_pixel(int, int)</STRONG> (Thumb, 44 bytes, Stack size 8 bytes, ssd1306.o(.text))
<BR><BR>[Stack]<UL><LI>Max Depth = 8<LI>Call Chain = SSD1306::set_pixel(int, int)
</UL>
<BR>[Called By]<UL><LI><a href="#[47]">&gt;&gt;</a>&nbsp;&nbsp;&nbsp;SSD1306::line(int, int, int, int)
<LI><a href="#[43]">&gt;&gt;</a>&nbsp;&nbsp;&nbsp;SSD1306::drawBitmap(int, int, const unsigned char*, int, int, int)
</UL>

<P><STRONG><a name="[43]"></a>SSD1306::drawBitmap(int, int, const unsigned char*, int, int, int)</STRONG> (Thumb, 114 bytes, Stack size 40 bytes, ssd1306.o(.text))
<BR><BR>[Stack]<UL><LI>Max Depth = 48<LI>Call Chain = SSD1306::drawBitmap(int, int, const unsigned char*, int, int, int) &rArr; SSD1306::set_pixel(int, int)
</UL>
<BR>[Calls]<UL><LI><a href="#[6d]">&gt;&gt;</a>&nbsp;&nbsp;&nbsp;SSD1306::set_pixel(int, int)
<LI><a href="#[6e]">&gt;&gt;</a>&nbsp;&nbsp;&nbsp;SSD1306::clear_pixel(int, int)
</UL>
<BR>[Called By]<UL><LI><a href="#[49]">&gt;&gt;</a>&nbsp;&nbsp;&nbsp;$Super$$main
<LI><a href="#[3e]">&gt;&gt;</a>&nbsp;&nbsp;&nbsp;testdrawbitmap(const unsigned char*, int, int)
</UL>

<P><STRONG><a name="[47]"></a>SSD1306::line(int, int, int, int)</STRONG> (Thumb, 172 bytes, Stack size 52 bytes, ssd1306.o(.text))
<BR><BR>[Stack]<UL><LI>Max Depth = 60<LI>Call Chain = SSD1306::line(int, int, int, int) &rArr; SSD1306::set_pixel(int, int)
</UL>
<BR>[Calls]<UL><LI><a href="#[6d]">&gt;&gt;</a>&nbsp;&nbsp;&nbsp;SSD1306::set_pixel(int, int)
</UL>
<BR>[Called By]<UL><LI><a href="#[49]">&gt;&gt;</a>&nbsp;&nbsp;&nbsp;$Super$$main
<LI><a href="#[46]">&gt;&gt;</a>&nbsp;&nbsp;&nbsp;testdrawline()
</UL>

<P><STRONG><a name="[4c]"></a>SSD1306::set_font(unsigned char*, unsigned)</STRONG> (Thumb, 12 bytes, Stack size 0 bytes, ssd1306.o(.text))
<BR><BR>[Called By]<UL><LI><a href="#[49]">&gt;&gt;</a>&nbsp;&nbsp;&nbsp;$Super$$main
</UL>

<P><STRONG><a name="[ed]"></a>SSD1306::set_double_height_text(unsigned)</STRONG> (Thumb, 10 bytes, Stack size 0 bytes, ssd1306.o(.text), UNUSED)

<P><STRONG><a name="[4e]"></a>SSD1306::scroll_up()</STRONG> (Thumb, 74 bytes, Stack size 16 bytes, ssd1306.o(.text))
<BR><BR>[Stack]<UL><LI>Max Depth = 16<LI>Call Chain = SSD1306::scroll_up()
</UL>
<BR>[Called By]<UL><LI><a href="#[49]">&gt;&gt;</a>&nbsp;&nbsp;&nbsp;$Super$$main
<LI><a href="#[6f]">&gt;&gt;</a>&nbsp;&nbsp;&nbsp;SSD1306::putc(unsigned char)
</UL>

<P><STRONG><a name="[6f]"></a>SSD1306::putc(unsigned char)</STRONG> (Thumb, 146 bytes, Stack size 16 bytes, ssd1306.o(.text))
<BR><BR>[Stack]<UL><LI>Max Depth = 32<LI>Call Chain = SSD1306::putc(unsigned char) &rArr; SSD1306::scroll_up()
</UL>
<BR>[Calls]<UL><LI><a href="#[4e]">&gt;&gt;</a>&nbsp;&nbsp;&nbsp;SSD1306::scroll_up()
<LI><a href="#[70]">&gt;&gt;</a>&nbsp;&nbsp;&nbsp;__aeabi_uidivmod
</UL>
<BR>[Called By]<UL><LI><a href="#[4d]">&gt;&gt;</a>&nbsp;&nbsp;&nbsp;SSD1306::printf(const char*, ...)
</UL>

<P><STRONG><a name="[4d]"></a>SSD1306::printf(const char*, ...)</STRONG> (Thumb, 46 bytes, Stack size 32 bytes, ssd1306.o(.text))
<BR><BR>[Stack]<UL><LI>Max Depth = 64<LI>Call Chain = SSD1306::printf(const char*, ...) &rArr; SSD1306::putc(unsigned char) &rArr; SSD1306::scroll_up()
</UL>
<BR>[Calls]<UL><LI><a href="#[6f]">&gt;&gt;</a>&nbsp;&nbsp;&nbsp;SSD1306::putc(unsigned char)
<LI><a href="#[71]">&gt;&gt;</a>&nbsp;&nbsp;&nbsp;__c89vsprintf
</UL>
<BR>[Called By]<UL><LI><a href="#[49]">&gt;&gt;</a>&nbsp;&nbsp;&nbsp;$Super$$main
</UL>

<P><STRONG><a name="[b]"></a>Reset_Handler</STRONG> (Thumb, 8 bytes, Stack size 0 bytes, startup_stm32f031x6.o(.text))
<BR>[Address Reference Count : 1]<UL><LI> startup_stm32f031x6.o(RESET)
</UL>
<P><STRONG><a name="[c]"></a>NMI_Handler</STRONG> (Thumb, 2 bytes, Stack size 0 bytes, startup_stm32f031x6.o(.text))
<BR><BR>[Calls]<UL><LI><a href="#[c]">&gt;&gt;</a>&nbsp;&nbsp;&nbsp;NMI_Handler
</UL>
<BR>[Called By]<UL><LI><a href="#[c]">&gt;&gt;</a>&nbsp;&nbsp;&nbsp;NMI_Handler
</UL>
<BR>[Address Reference Count : 1]<UL><LI> startup_stm32f031x6.o(RESET)
</UL>
<P><STRONG><a name="[d]"></a>HardFault_Handler</STRONG> (Thumb, 2 bytes, Stack size 0 bytes, startup_stm32f031x6.o(.text))
<BR><BR>[Calls]<UL><LI><a href="#[d]">&gt;&gt;</a>&nbsp;&nbsp;&nbsp;HardFault_Handler
</UL>
<BR>[Called By]<UL><LI><a href="#[d]">&gt;&gt;</a>&nbsp;&nbsp;&nbsp;HardFault_Handler
</UL>
<BR>[Address Reference Count : 1]<UL><LI> startup_stm32f031x6.o(RESET)
</UL>
<P><STRONG><a name="[e]"></a>SVC_Handler</STRONG> (Thumb, 2 bytes, Stack size 0 bytes, startup_stm32f031x6.o(.text))
<BR><BR>[Calls]<UL><LI><a href="#[e]">&gt;&gt;</a>&nbsp;&nbsp;&nbsp;SVC_Handler
</UL>
<BR>[Called By]<UL><LI><a href="#[e]">&gt;&gt;</a>&nbsp;&nbsp;&nbsp;SVC_Handler
</UL>
<BR>[Address Reference Count : 1]<UL><LI> startup_stm32f031x6.o(RESET)
</UL>
<P><STRONG><a name="[f]"></a>PendSV_Handler</STRONG> (Thumb, 2 bytes, Stack size 0 bytes, startup_stm32f031x6.o(.text))
<BR><BR>[Calls]<UL><LI><a href="#[f]">&gt;&gt;</a>&nbsp;&nbsp;&nbsp;PendSV_Handler
</UL>
<BR>[Called By]<UL><LI><a href="#[f]">&gt;&gt;</a>&nbsp;&nbsp;&nbsp;PendSV_Handler
</UL>
<BR>[Address Reference Count : 1]<UL><LI> startup_stm32f031x6.o(RESET)
</UL>
<P><STRONG><a name="[10]"></a>SysTick_Handler</STRONG> (Thumb, 2 bytes, Stack size 0 bytes, startup_stm32f031x6.o(.text))
<BR><BR>[Calls]<UL><LI><a href="#[10]">&gt;&gt;</a>&nbsp;&nbsp;&nbsp;SysTick_Handler
</UL>
<BR>[Called By]<UL><LI><a href="#[10]">&gt;&gt;</a>&nbsp;&nbsp;&nbsp;SysTick_Handler
</UL>
<BR>[Address Reference Count : 1]<UL><LI> startup_stm32f031x6.o(RESET)
</UL>
<P><STRONG><a name="[1c]"></a>ADC1_IRQHandler</STRONG> (Thumb, 0 bytes, Stack size 0 bytes, startup_stm32f031x6.o(.text))
<BR><BR>[Calls]<UL><LI><a href="#[1c]">&gt;&gt;</a>&nbsp;&nbsp;&nbsp;ADC1_IRQHandler
</UL>
<BR>[Called By]<UL><LI><a href="#[1c]">&gt;&gt;</a>&nbsp;&nbsp;&nbsp;ADC1_IRQHandler
</UL>
<BR>[Address Reference Count : 1]<UL><LI> startup_stm32f031x6.o(RESET)
</UL>
<P><STRONG><a name="[19]"></a>DMA1_Channel1_IRQHandler</STRONG> (Thumb, 0 bytes, Stack size 0 bytes, startup_stm32f031x6.o(.text))
<BR>[Address Reference Count : 1]<UL><LI> startup_stm32f031x6.o(RESET)
</UL>
<P><STRONG><a name="[1a]"></a>DMA1_Channel2_3_IRQHandler</STRONG> (Thumb, 0 bytes, Stack size 0 bytes, startup_stm32f031x6.o(.text))
<BR>[Address Reference Count : 1]<UL><LI> startup_stm32f031x6.o(RESET)
</UL>
<P><STRONG><a name="[1b]"></a>DMA1_Channel4_5_IRQHandler</STRONG> (Thumb, 0 bytes, Stack size 0 bytes, startup_stm32f031x6.o(.text))
<BR>[Address Reference Count : 1]<UL><LI> startup_stm32f031x6.o(RESET)
</UL>
<P><STRONG><a name="[16]"></a>EXTI0_1_IRQHandler</STRONG> (Thumb, 0 bytes, Stack size 0 bytes, startup_stm32f031x6.o(.text))
<BR>[Address Reference Count : 1]<UL><LI> startup_stm32f031x6.o(RESET)
</UL>
<P><STRONG><a name="[17]"></a>EXTI2_3_IRQHandler</STRONG> (Thumb, 0 bytes, Stack size 0 bytes, startup_stm32f031x6.o(.text))
<BR>[Address Reference Count : 1]<UL><LI> startup_stm32f031x6.o(RESET)
</UL>
<P><STRONG><a name="[18]"></a>EXTI4_15_IRQHandler</STRONG> (Thumb, 0 bytes, Stack size 0 bytes, startup_stm32f031x6.o(.text))
<BR>[Address Reference Count : 1]<UL><LI> startup_stm32f031x6.o(RESET)
</UL>
<P><STRONG><a name="[14]"></a>FLASH_IRQHandler</STRONG> (Thumb, 0 bytes, Stack size 0 bytes, startup_stm32f031x6.o(.text))
<BR>[Address Reference Count : 1]<UL><LI> startup_stm32f031x6.o(RESET)
</UL>
<P><STRONG><a name="[24]"></a>I2C1_IRQHandler</STRONG> (Thumb, 0 bytes, Stack size 0 bytes, startup_stm32f031x6.o(.text))
<BR>[Address Reference Count : 1]<UL><LI> startup_stm32f031x6.o(RESET)
</UL>
<P><STRONG><a name="[12]"></a>PVD_IRQHandler</STRONG> (Thumb, 0 bytes, Stack size 0 bytes, startup_stm32f031x6.o(.text))
<BR>[Address Reference Count : 1]<UL><LI> startup_stm32f031x6.o(RESET)
</UL>
<P><STRONG><a name="[15]"></a>RCC_IRQHandler</STRONG> (Thumb, 0 bytes, Stack size 0 bytes, startup_stm32f031x6.o(.text))
<BR>[Address Reference Count : 1]<UL><LI> startup_stm32f031x6.o(RESET)
</UL>
<P><STRONG><a name="[13]"></a>RTC_IRQHandler</STRONG> (Thumb, 0 bytes, Stack size 0 bytes, startup_stm32f031x6.o(.text))
<BR>[Address Reference Count : 1]<UL><LI> startup_stm32f031x6.o(RESET)
</UL>
<P><STRONG><a name="[25]"></a>SPI1_IRQHandler</STRONG> (Thumb, 0 bytes, Stack size 0 bytes, startup_stm32f031x6.o(.text))
<BR>[Address Reference Count : 1]<UL><LI> startup_stm32f031x6.o(RESET)
</UL>
<P><STRONG><a name="[21]"></a>TIM14_IRQHandler</STRONG> (Thumb, 0 bytes, Stack size 0 bytes, startup_stm32f031x6.o(.text))
<BR>[Address Reference Count : 1]<UL><LI> startup_stm32f031x6.o(RESET)
</UL>
<P><STRONG><a name="[22]"></a>TIM16_IRQHandler</STRONG> (Thumb, 0 bytes, Stack size 0 bytes, startup_stm32f031x6.o(.text))
<BR>[Address Reference Count : 1]<UL><LI> startup_stm32f031x6.o(RESET)
</UL>
<P><STRONG><a name="[23]"></a>TIM17_IRQHandler</STRONG> (Thumb, 0 bytes, Stack size 0 bytes, startup_stm32f031x6.o(.text))
<BR>[Address Reference Count : 1]<UL><LI> startup_stm32f031x6.o(RESET)
</UL>
<P><STRONG><a name="[1d]"></a>TIM1_BRK_UP_TRG_COM_IRQHandler</STRONG> (Thumb, 0 bytes, Stack size 0 bytes, startup_stm32f031x6.o(.text))
<BR>[Address Reference Count : 1]<UL><LI> startup_stm32f031x6.o(RESET)
</UL>
<P><STRONG><a name="[1e]"></a>TIM1_CC_IRQHandler</STRONG> (Thumb, 0 bytes, Stack size 0 bytes, startup_stm32f031x6.o(.text))
<BR>[Address Reference Count : 1]<UL><LI> startup_stm32f031x6.o(RESET)
</UL>
<P><STRONG><a name="[1f]"></a>TIM2_IRQHandler</STRONG> (Thumb, 0 bytes, Stack size 0 bytes, startup_stm32f031x6.o(.text))
<BR>[Address Reference Count : 1]<UL><LI> startup_stm32f031x6.o(RESET)
</UL>
<P><STRONG><a name="[20]"></a>TIM3_IRQHandler</STRONG> (Thumb, 0 bytes, Stack size 0 bytes, startup_stm32f031x6.o(.text))
<BR>[Address Reference Count : 1]<UL><LI> startup_stm32f031x6.o(RESET)
</UL>
<P><STRONG><a name="[26]"></a>USART1_IRQHandler</STRONG> (Thumb, 0 bytes, Stack size 0 bytes, startup_stm32f031x6.o(.text))
<BR>[Address Reference Count : 1]<UL><LI> startup_stm32f031x6.o(RESET)
</UL>
<P><STRONG><a name="[11]"></a>WWDG_IRQHandler</STRONG> (Thumb, 0 bytes, Stack size 0 bytes, startup_stm32f031x6.o(.text))
<BR>[Address Reference Count : 1]<UL><LI> startup_stm32f031x6.o(RESET)
</UL>
<P><STRONG><a name="[3c]"></a>_initio</STRONG> (Thumb, 20 bytes, Stack size 0 bytes, initio_oe.o(.text))
<BR><BR>[Stack]<UL><LI>Max Depth = 240 + Unknown Stack Size
<LI>Call Chain = _initio &rArr; _sys_open &rArr; __0sscanf &rArr; __vfscanf_char &rArr; __vfscanf &rArr; _scanf_int
</UL>
<BR>[Calls]<UL><LI><a href="#[72]">&gt;&gt;</a>&nbsp;&nbsp;&nbsp;_sys_open
<LI><a href="#[73]">&gt;&gt;</a>&nbsp;&nbsp;&nbsp;__main_after_initio
</UL>
<BR>[Called By]<UL><LI><a href="#[3b]">&gt;&gt;</a>&nbsp;&nbsp;&nbsp;__use_full_stdio
</UL>

<P><STRONG><a name="[ee]"></a>__aeabi_uidiv</STRONG> (Thumb, 0 bytes, Stack size 12 bytes, uidiv.o(.text), UNUSED)

<P><STRONG><a name="[70]"></a>__aeabi_uidivmod</STRONG> (Thumb, 44 bytes, Stack size 12 bytes, uidiv.o(.text))
<BR><BR>[Stack]<UL><LI>Max Depth = 12<LI>Call Chain = __aeabi_uidivmod
</UL>
<BR>[Called By]<UL><LI><a href="#[97]">&gt;&gt;</a>&nbsp;&nbsp;&nbsp;SystemCoreClockUpdate
<LI><a href="#[95]">&gt;&gt;</a>&nbsp;&nbsp;&nbsp;HAL_InitTick
<LI><a href="#[9e]">&gt;&gt;</a>&nbsp;&nbsp;&nbsp;HAL_RCC_GetSysClockFreq
<LI><a href="#[9d]">&gt;&gt;</a>&nbsp;&nbsp;&nbsp;HAL_RCC_GetPCLK1Freq
<LI><a href="#[6f]">&gt;&gt;</a>&nbsp;&nbsp;&nbsp;SSD1306::putc(unsigned char)
<LI><a href="#[ab]">&gt;&gt;</a>&nbsp;&nbsp;&nbsp;UART_SetConfig
<LI><a href="#[75]">&gt;&gt;</a>&nbsp;&nbsp;&nbsp;_localtime
<LI><a href="#[c1]">&gt;&gt;</a>&nbsp;&nbsp;&nbsp;_printf_core
<LI><a href="#[42]">&gt;&gt;</a>&nbsp;&nbsp;&nbsp;__aeabi_idivmod
</UL>

<P><STRONG><a name="[ef]"></a>__aeabi_idiv</STRONG> (Thumb, 0 bytes, Stack size 16 bytes, idiv.o(.text), UNUSED)

<P><STRONG><a name="[42]"></a>__aeabi_idivmod</STRONG> (Thumb, 40 bytes, Stack size 16 bytes, idiv.o(.text))
<BR><BR>[Stack]<UL><LI>Max Depth = 28<LI>Call Chain = __aeabi_idivmod &rArr; __aeabi_uidivmod
</UL>
<BR>[Calls]<UL><LI><a href="#[70]">&gt;&gt;</a>&nbsp;&nbsp;&nbsp;__aeabi_uidivmod
</UL>
<BR>[Called By]<UL><LI><a href="#[3e]">&gt;&gt;</a>&nbsp;&nbsp;&nbsp;testdrawbitmap(const unsigned char*, int, int)
<LI><a href="#[a3]">&gt;&gt;</a>&nbsp;&nbsp;&nbsp;RTC_ByteToBcd2
<LI><a href="#[74]">&gt;&gt;</a>&nbsp;&nbsp;&nbsp;mktime
</UL>

<P><STRONG><a name="[7f]"></a>__aeabi_llsr</STRONG> (Thumb, 34 bytes, Stack size 8 bytes, llushr.o(.text), UNUSED)
<BR><BR>[Called By]<UL><LI><a href="#[85]">&gt;&gt;</a>&nbsp;&nbsp;&nbsp;_double_epilogue
<LI><a href="#[7e]">&gt;&gt;</a>&nbsp;&nbsp;&nbsp;__aeabi_uldivmod
<LI><a href="#[8b]">&gt;&gt;</a>&nbsp;&nbsp;&nbsp;__aeabi_d2ulz
</UL>

<P><STRONG><a name="[f0]"></a>_ll_ushift_r</STRONG> (Thumb, 0 bytes, Stack size 8 bytes, llushr.o(.text), UNUSED)

<P><STRONG><a name="[41]"></a>rand</STRONG> (Thumb, 18 bytes, Stack size 0 bytes, rand.o(.text))
<BR><BR>[Called By]<UL><LI><a href="#[3e]">&gt;&gt;</a>&nbsp;&nbsp;&nbsp;testdrawbitmap(const unsigned char*, int, int)
</UL>

<P><STRONG><a name="[40]"></a>srand</STRONG> (Thumb, 6 bytes, Stack size 0 bytes, rand.o(.text))
<BR><BR>[Called By]<UL><LI><a href="#[3e]">&gt;&gt;</a>&nbsp;&nbsp;&nbsp;testdrawbitmap(const unsigned char*, int, int)
</UL>

<P><STRONG><a name="[74]"></a>mktime</STRONG> (Thumb, 124 bytes, Stack size 16 bytes, mktime.o(.text))
<BR><BR>[Stack]<UL><LI>Max Depth = 44<LI>Call Chain = mktime &rArr; _localtime &rArr; __aeabi_uidivmod
</UL>
<BR>[Calls]<UL><LI><a href="#[75]">&gt;&gt;</a>&nbsp;&nbsp;&nbsp;_localtime
<LI><a href="#[42]">&gt;&gt;</a>&nbsp;&nbsp;&nbsp;__aeabi_idivmod
</UL>
<BR>[Called By]<UL><LI><a href="#[9]">&gt;&gt;</a>&nbsp;&nbsp;&nbsp;rtc_read
</UL>

<P><STRONG><a name="[77]"></a>__aeabi_memset</STRONG> (Thumb, 14 bytes, Stack size 0 bytes, memseta.o(.text), UNUSED)
<BR><BR>[Called By]<UL><LI><a href="#[78]">&gt;&gt;</a>&nbsp;&nbsp;&nbsp;_memset$wrapper
<LI><a href="#[76]">&gt;&gt;</a>&nbsp;&nbsp;&nbsp;__aeabi_memclr
</UL>

<P><STRONG><a name="[f1]"></a>__aeabi_memset4</STRONG> (Thumb, 0 bytes, Stack size 0 bytes, memseta.o(.text), UNUSED)

<P><STRONG><a name="[f2]"></a>__aeabi_memset8</STRONG> (Thumb, 0 bytes, Stack size 0 bytes, memseta.o(.text), UNUSED)

<P><STRONG><a name="[76]"></a>__aeabi_memclr</STRONG> (Thumb, 4 bytes, Stack size 0 bytes, memseta.o(.text), UNUSED)
<BR><BR>[Calls]<UL><LI><a href="#[77]">&gt;&gt;</a>&nbsp;&nbsp;&nbsp;__aeabi_memset
</UL>

<P><STRONG><a name="[b1]"></a>__aeabi_memclr4</STRONG> (Thumb, 0 bytes, Stack size 0 bytes, memseta.o(.text))
<BR><BR>[Called By]<UL><LI><a href="#[51]">&gt;&gt;</a>&nbsp;&nbsp;&nbsp;mbed::DigitalOut::DigitalOut(PinName)
</UL>

<P><STRONG><a name="[f3]"></a>__aeabi_memclr8</STRONG> (Thumb, 0 bytes, Stack size 0 bytes, memseta.o(.text), UNUSED)

<P><STRONG><a name="[78]"></a>_memset$wrapper</STRONG> (Thumb, 18 bytes, Stack size 8 bytes, memseta.o(.text), UNUSED)
<BR><BR>[Calls]<UL><LI><a href="#[77]">&gt;&gt;</a>&nbsp;&nbsp;&nbsp;__aeabi_memset
</UL>

<P><STRONG><a name="[ba]"></a>strlen</STRONG> (Thumb, 14 bytes, Stack size 0 bytes, strlen.o(.text))
<BR><BR>[Called By]<UL><LI><a href="#[b8]">&gt;&gt;</a>&nbsp;&nbsp;&nbsp;mbed::FileBase::lookup(const char*, unsigned)
</UL>

<P><STRONG><a name="[c9]"></a>strcmp</STRONG> (Thumb, 28 bytes, Stack size 8 bytes, strcmp.o(.text))
<BR><BR>[Stack]<UL><LI>Max Depth = 8<LI>Call Chain = strcmp
</UL>
<BR>[Called By]<UL><LI><a href="#[72]">&gt;&gt;</a>&nbsp;&nbsp;&nbsp;_sys_open
</UL>

<P><STRONG><a name="[b9]"></a>strncmp</STRONG> (Thumb, 30 bytes, Stack size 12 bytes, strncmp.o(.text))
<BR><BR>[Stack]<UL><LI>Max Depth = 12<LI>Call Chain = strncmp
</UL>
<BR>[Called By]<UL><LI><a href="#[b8]">&gt;&gt;</a>&nbsp;&nbsp;&nbsp;mbed::FileBase::lookup(const char*, unsigned)
</UL>

<P><STRONG><a name="[79]"></a>__0sscanf</STRONG> (Thumb, 50 bytes, Stack size 72 bytes, __0sscanf.o(.text))
<BR><BR>[Stack]<UL><LI>Max Depth = 208<LI>Call Chain = __0sscanf &rArr; __vfscanf_char &rArr; __vfscanf &rArr; _scanf_int
</UL>
<BR>[Calls]<UL><LI><a href="#[7a]">&gt;&gt;</a>&nbsp;&nbsp;&nbsp;__vfscanf_char
</UL>
<BR>[Called By]<UL><LI><a href="#[72]">&gt;&gt;</a>&nbsp;&nbsp;&nbsp;_sys_open
</UL>

<P><STRONG><a name="[7b]"></a>_scanf_int</STRONG> (Thumb, 330 bytes, Stack size 48 bytes, _scanf_int.o(.text))
<BR><BR>[Stack]<UL><LI>Max Depth = 48<LI>Call Chain = _scanf_int
</UL>
<BR>[Calls]<UL><LI><a href="#[7c]">&gt;&gt;</a>&nbsp;&nbsp;&nbsp;_chval
</UL>
<BR>[Called By]<UL><LI><a href="#[82]">&gt;&gt;</a>&nbsp;&nbsp;&nbsp;__vfscanf
</UL>

<P><STRONG><a name="[38]"></a>__cpp_initialize__aeabi_</STRONG> (Thumb, 22 bytes, Stack size 16 bytes, cpp_init.o(.text))
<BR><BR>[Stack]<UL><LI>Max Depth = 16<LI>Call Chain = __cpp_initialize__aeabi_
</UL>
<BR>[Called By]<UL><LI><a href="#[3d]">&gt;&gt;</a>&nbsp;&nbsp;&nbsp;_main_cpp_init$empty
</UL>

<P><STRONG><a name="[e4]"></a>__aeabi_fmul</STRONG> (Thumb, 122 bytes, Stack size 16 bytes, fmul.o(.text))
<BR><BR>[Stack]<UL><LI>Max Depth = 16<LI>Call Chain = __aeabi_fmul
</UL>
<BR>[Called By]<UL><LI><a href="#[45]">&gt;&gt;</a>&nbsp;&nbsp;&nbsp;wait
</UL>

<P><STRONG><a name="[e5]"></a>__aeabi_f2iz</STRONG> (Thumb, 50 bytes, Stack size 0 bytes, ffixi.o(.text))
<BR><BR>[Called By]<UL><LI><a href="#[45]">&gt;&gt;</a>&nbsp;&nbsp;&nbsp;wait
</UL>

<P><STRONG><a name="[2f]"></a>fputc</STRONG> (Thumb, 42 bytes, Stack size 16 bytes, fputc_fp.o(.text))
<BR><BR>[Stack]<UL><LI>Max Depth = 216<LI>Call Chain = fputc &rArr; _sys_write &rArr; serial_init &rArr; pinmap_pinout &rArr; pin_function &rArr; Set_GPIO_Clock &rArr; error &rArr; exit &rArr; mbed_die &rArr; wait_ms &rArr; us_ticker_read &rArr; HAL_InitTick &rArr; HAL_TIM_OC_Init &rArr; TIM_Base_SetConfig
</UL>
<BR>[Calls]<UL><LI><a href="#[7d]">&gt;&gt;</a>&nbsp;&nbsp;&nbsp;_sys_write
</UL>
<BR>[Address Reference Count : 1]<UL><LI> printfa.o(i.__0vfprintf)
</UL>
<P><STRONG><a name="[7e]"></a>__aeabi_uldivmod</STRONG> (Thumb, 96 bytes, Stack size 48 bytes, uldiv.o(.text), UNUSED)
<BR><BR>[Calls]<UL><LI><a href="#[80]">&gt;&gt;</a>&nbsp;&nbsp;&nbsp;__aeabi_llsl
<LI><a href="#[7f]">&gt;&gt;</a>&nbsp;&nbsp;&nbsp;__aeabi_llsr
</UL>
<BR>[Called By]<UL><LI><a href="#[c1]">&gt;&gt;</a>&nbsp;&nbsp;&nbsp;_printf_core
<LI><a href="#[c5]">&gt;&gt;</a>&nbsp;&nbsp;&nbsp;_fp_digits
</UL>

<P><STRONG><a name="[81]"></a>localtime</STRONG> (Thumb, 10 bytes, Stack size 8 bytes, localtime_w.o(.text))
<BR><BR>[Stack]<UL><LI>Max Depth = 36<LI>Call Chain = localtime &rArr; _localtime &rArr; __aeabi_uidivmod
</UL>
<BR>[Calls]<UL><LI><a href="#[75]">&gt;&gt;</a>&nbsp;&nbsp;&nbsp;_localtime
</UL>
<BR>[Called By]<UL><LI><a href="#[a]">&gt;&gt;</a>&nbsp;&nbsp;&nbsp;rtc_write
</UL>

<P><STRONG><a name="[75]"></a>_localtime</STRONG> (Thumb, 104 bytes, Stack size 16 bytes, localtime_i.o(.text))
<BR><BR>[Stack]<UL><LI>Max Depth = 28<LI>Call Chain = _localtime &rArr; __aeabi_uidivmod
</UL>
<BR>[Calls]<UL><LI><a href="#[70]">&gt;&gt;</a>&nbsp;&nbsp;&nbsp;__aeabi_uidivmod
</UL>
<BR>[Called By]<UL><LI><a href="#[81]">&gt;&gt;</a>&nbsp;&nbsp;&nbsp;localtime
<LI><a href="#[74]">&gt;&gt;</a>&nbsp;&nbsp;&nbsp;mktime
</UL>

<P><STRONG><a name="[7c]"></a>_chval</STRONG> (Thumb, 30 bytes, Stack size 0 bytes, _chval.o(.text))
<BR><BR>[Called By]<UL><LI><a href="#[7b]">&gt;&gt;</a>&nbsp;&nbsp;&nbsp;_scanf_int
</UL>

<P><STRONG><a name="[7a]"></a>__vfscanf_char</STRONG> (Thumb, 24 bytes, Stack size 8 bytes, scanf_char.o(.text))
<BR><BR>[Stack]<UL><LI>Max Depth = 136<LI>Call Chain = __vfscanf_char &rArr; __vfscanf &rArr; _scanf_int
</UL>
<BR>[Calls]<UL><LI><a href="#[82]">&gt;&gt;</a>&nbsp;&nbsp;&nbsp;__vfscanf
</UL>
<BR>[Called By]<UL><LI><a href="#[79]">&gt;&gt;</a>&nbsp;&nbsp;&nbsp;__0sscanf
</UL>

<P><STRONG><a name="[2a]"></a>_sgetc</STRONG> (Thumb, 32 bytes, Stack size 0 bytes, _sgetc.o(.text))
<BR>[Address Reference Count : 1]<UL><LI> __0sscanf.o(.text)
</UL>
<P><STRONG><a name="[2b]"></a>_sbackspace</STRONG> (Thumb, 36 bytes, Stack size 0 bytes, _sgetc.o(.text))
<BR>[Address Reference Count : 1]<UL><LI> __0sscanf.o(.text)
</UL>
<P><STRONG><a name="[f4]"></a>__I$use$fp</STRONG> (Thumb, 0 bytes, Stack size 48 bytes, iusefp.o(.text), UNUSED)

<P><STRONG><a name="[83]"></a>__aeabi_dadd</STRONG> (Thumb, 328 bytes, Stack size 48 bytes, dadd.o(.text), UNUSED)
<BR><BR>[Calls]<UL><LI><a href="#[84]">&gt;&gt;</a>&nbsp;&nbsp;&nbsp;__aeabi_lasr
<LI><a href="#[80]">&gt;&gt;</a>&nbsp;&nbsp;&nbsp;__aeabi_llsl
<LI><a href="#[86]">&gt;&gt;</a>&nbsp;&nbsp;&nbsp;_double_round
<LI><a href="#[85]">&gt;&gt;</a>&nbsp;&nbsp;&nbsp;_double_epilogue
</UL>
<BR>[Called By]<UL><LI><a href="#[88]">&gt;&gt;</a>&nbsp;&nbsp;&nbsp;__aeabi_drsub
<LI><a href="#[87]">&gt;&gt;</a>&nbsp;&nbsp;&nbsp;__aeabi_dsub
<LI><a href="#[c5]">&gt;&gt;</a>&nbsp;&nbsp;&nbsp;_fp_digits
</UL>

<P><STRONG><a name="[87]"></a>__aeabi_dsub</STRONG> (Thumb, 12 bytes, Stack size 8 bytes, dadd.o(.text), UNUSED)
<BR><BR>[Calls]<UL><LI><a href="#[83]">&gt;&gt;</a>&nbsp;&nbsp;&nbsp;__aeabi_dadd
</UL>

<P><STRONG><a name="[88]"></a>__aeabi_drsub</STRONG> (Thumb, 12 bytes, Stack size 8 bytes, dadd.o(.text), UNUSED)
<BR><BR>[Calls]<UL><LI><a href="#[83]">&gt;&gt;</a>&nbsp;&nbsp;&nbsp;__aeabi_dadd
</UL>

<P><STRONG><a name="[89]"></a>__aeabi_dmul</STRONG> (Thumb, 202 bytes, Stack size 72 bytes, dmul.o(.text), UNUSED)
<BR><BR>[Calls]<UL><LI><a href="#[85]">&gt;&gt;</a>&nbsp;&nbsp;&nbsp;_double_epilogue
</UL>
<BR>[Called By]<UL><LI><a href="#[c5]">&gt;&gt;</a>&nbsp;&nbsp;&nbsp;_fp_digits
</UL>

<P><STRONG><a name="[8a]"></a>__aeabi_ddiv</STRONG> (Thumb, 234 bytes, Stack size 40 bytes, ddiv.o(.text), UNUSED)
<BR><BR>[Calls]<UL><LI><a href="#[86]">&gt;&gt;</a>&nbsp;&nbsp;&nbsp;_double_round
</UL>
<BR>[Called By]<UL><LI><a href="#[c5]">&gt;&gt;</a>&nbsp;&nbsp;&nbsp;_fp_digits
</UL>

<P><STRONG><a name="[8b]"></a>__aeabi_d2ulz</STRONG> (Thumb, 54 bytes, Stack size 8 bytes, dfixul.o(.text), UNUSED)
<BR><BR>[Calls]<UL><LI><a href="#[80]">&gt;&gt;</a>&nbsp;&nbsp;&nbsp;__aeabi_llsl
<LI><a href="#[7f]">&gt;&gt;</a>&nbsp;&nbsp;&nbsp;__aeabi_llsr
</UL>
<BR>[Called By]<UL><LI><a href="#[c5]">&gt;&gt;</a>&nbsp;&nbsp;&nbsp;_fp_digits
</UL>

<P><STRONG><a name="[c6]"></a>__aeabi_cdrcmple</STRONG> (Thumb, 38 bytes, Stack size 0 bytes, cdrcmple.o(.text), UNUSED)
<BR><BR>[Called By]<UL><LI><a href="#[c5]">&gt;&gt;</a>&nbsp;&nbsp;&nbsp;_fp_digits
</UL>

<P><STRONG><a name="[3a]"></a>__scatterload</STRONG> (Thumb, 28 bytes, Stack size 0 bytes, init.o(.text))
<BR><BR>[Calls]<UL><LI><a href="#[8c]">&gt;&gt;</a>&nbsp;&nbsp;&nbsp;__main_after_scatterload
</UL>
<BR>[Called By]<UL><LI><a href="#[39]">&gt;&gt;</a>&nbsp;&nbsp;&nbsp;_main_scatterload
</UL>

<P><STRONG><a name="[f5]"></a>__scatterload_rt2</STRONG> (Thumb, 0 bytes, Stack size 0 bytes, init.o(.text), UNUSED)

<P><STRONG><a name="[80]"></a>__aeabi_llsl</STRONG> (Thumb, 32 bytes, Stack size 8 bytes, llshl.o(.text), UNUSED)
<BR><BR>[Called By]<UL><LI><a href="#[85]">&gt;&gt;</a>&nbsp;&nbsp;&nbsp;_double_epilogue
<LI><a href="#[7e]">&gt;&gt;</a>&nbsp;&nbsp;&nbsp;__aeabi_uldivmod
<LI><a href="#[83]">&gt;&gt;</a>&nbsp;&nbsp;&nbsp;__aeabi_dadd
<LI><a href="#[8b]">&gt;&gt;</a>&nbsp;&nbsp;&nbsp;__aeabi_d2ulz
</UL>

<P><STRONG><a name="[f6]"></a>_ll_shift_l</STRONG> (Thumb, 0 bytes, Stack size 8 bytes, llshl.o(.text), UNUSED)

<P><STRONG><a name="[84]"></a>__aeabi_lasr</STRONG> (Thumb, 38 bytes, Stack size 8 bytes, llsshr.o(.text), UNUSED)
<BR><BR>[Called By]<UL><LI><a href="#[83]">&gt;&gt;</a>&nbsp;&nbsp;&nbsp;__aeabi_dadd
</UL>

<P><STRONG><a name="[f7]"></a>_ll_sshift_r</STRONG> (Thumb, 0 bytes, Stack size 8 bytes, llsshr.o(.text), UNUSED)

<P><STRONG><a name="[2d]"></a>isspace</STRONG> (Thumb, 14 bytes, Stack size 8 bytes, isspace_c.o(.text))
<BR><BR>[Stack]<UL><LI>Max Depth = 8<LI>Call Chain = isspace
</UL>
<BR>[Calls]<UL><LI><a href="#[8d]">&gt;&gt;</a>&nbsp;&nbsp;&nbsp;__ctype_lookup
</UL>
<BR>[Address Reference Count : 1]<UL><LI> scanf_char.o(.text)
</UL>
<P><STRONG><a name="[82]"></a>__vfscanf</STRONG> (Thumb, 812 bytes, Stack size 80 bytes, _scanf.o(.text))
<BR><BR>[Stack]<UL><LI>Max Depth = 128<LI>Call Chain = __vfscanf &rArr; _scanf_int
</UL>
<BR>[Calls]<UL><LI><a href="#[90]">&gt;&gt;</a>&nbsp;&nbsp;&nbsp;_scanf_string (Weak Reference)
<LI><a href="#[8e]">&gt;&gt;</a>&nbsp;&nbsp;&nbsp;_scanf_real (Weak Reference)
<LI><a href="#[8f]">&gt;&gt;</a>&nbsp;&nbsp;&nbsp;_scanf_longlong (Weak Reference)
<LI><a href="#[7b]">&gt;&gt;</a>&nbsp;&nbsp;&nbsp;_scanf_int
</UL>
<BR>[Called By]<UL><LI><a href="#[7a]">&gt;&gt;</a>&nbsp;&nbsp;&nbsp;__vfscanf_char
</UL>

<P><STRONG><a name="[86]"></a>_double_round</STRONG> (Thumb, 26 bytes, Stack size 8 bytes, depilogue.o(.text), UNUSED)
<BR><BR>[Called By]<UL><LI><a href="#[85]">&gt;&gt;</a>&nbsp;&nbsp;&nbsp;_double_epilogue
<LI><a href="#[8a]">&gt;&gt;</a>&nbsp;&nbsp;&nbsp;__aeabi_ddiv
<LI><a href="#[83]">&gt;&gt;</a>&nbsp;&nbsp;&nbsp;__aeabi_dadd
</UL>

<P><STRONG><a name="[85]"></a>_double_epilogue</STRONG> (Thumb, 164 bytes, Stack size 48 bytes, depilogue.o(.text), UNUSED)
<BR><BR>[Calls]<UL><LI><a href="#[91]">&gt;&gt;</a>&nbsp;&nbsp;&nbsp;__ARM_clz
<LI><a href="#[80]">&gt;&gt;</a>&nbsp;&nbsp;&nbsp;__aeabi_llsl
<LI><a href="#[86]">&gt;&gt;</a>&nbsp;&nbsp;&nbsp;_double_round
<LI><a href="#[7f]">&gt;&gt;</a>&nbsp;&nbsp;&nbsp;__aeabi_llsr
</UL>
<BR>[Called By]<UL><LI><a href="#[89]">&gt;&gt;</a>&nbsp;&nbsp;&nbsp;__aeabi_dmul
<LI><a href="#[83]">&gt;&gt;</a>&nbsp;&nbsp;&nbsp;__aeabi_dadd
</UL>

<P><STRONG><a name="[8d]"></a>__ctype_lookup</STRONG> (Thumb, 32 bytes, Stack size 0 bytes, ctype_c.o(.text))
<BR><BR>[Called By]<UL><LI><a href="#[2d]">&gt;&gt;</a>&nbsp;&nbsp;&nbsp;isspace
</UL>

<P><STRONG><a name="[f8]"></a>__decompress</STRONG> (Thumb, 0 bytes, Stack size unknown bytes, __dczerorl2.o(.text), UNUSED)

<P><STRONG><a name="[f9]"></a>__decompress1</STRONG> (Thumb, 86 bytes, Stack size unknown bytes, __dczerorl2.o(.text), UNUSED)

<P><STRONG><a name="[27]"></a>main</STRONG> (Thumb, 16 bytes, Stack size 8 bytes, retarget.o(i.$Sub$$main))
<BR><BR>[Stack]<UL><LI>Max Depth = 272<LI>Call Chain = main &rArr; $Super$$main &rArr; testdrawbitmap(const unsigned char*, int, int) &rArr; SSD1306::update() &rArr; SSD1306::hv_set_column_address(unsigned char, unsigned char) &rArr; SSD1306::_send_command(unsigned char) &rArr; mbed::DigitalOut::operator =(int) &rArr; mbed_assert_internal &rArr; error &rArr; exit &rArr; mbed_die &rArr; wait_ms &rArr; us_ticker_read &rArr; HAL_InitTick &rArr; HAL_TIM_OC_Init &rArr; TIM_Base_SetConfig
</UL>
<BR>[Calls]<UL><LI><a href="#[93]">&gt;&gt;</a>&nbsp;&nbsp;&nbsp;mbed_main
<LI><a href="#[49]">&gt;&gt;</a>&nbsp;&nbsp;&nbsp;$Super$$main
<LI><a href="#[92]">&gt;&gt;</a>&nbsp;&nbsp;&nbsp;mbed_sdk_init
</UL>
<BR>[Address Reference Count : 1]<UL><LI> entry9a.o(.ARM.Collect$$$$0000000B)
</UL>
<P><STRONG><a name="[da]"></a>HAL_GPIO_Init</STRONG> (Thumb, 310 bytes, Stack size 20 bytes, stm32f0xx_hal_gpio.o(i.HAL_GPIO_Init))
<BR><BR>[Stack]<UL><LI>Max Depth = 20<LI>Call Chain = HAL_GPIO_Init
</UL>
<BR>[Called By]<UL><LI><a href="#[d2]">&gt;&gt;</a>&nbsp;&nbsp;&nbsp;pin_function
</UL>

<P><STRONG><a name="[9c]"></a>HAL_GetTick</STRONG> (Thumb, 6 bytes, Stack size 0 bytes, stm32f0xx_hal.o(i.HAL_GetTick))
<BR><BR>[Called By]<UL><LI><a href="#[9f]">&gt;&gt;</a>&nbsp;&nbsp;&nbsp;HAL_RCC_OscConfig
<LI><a href="#[9b]">&gt;&gt;</a>&nbsp;&nbsp;&nbsp;HAL_RCC_ClockConfig
<LI><a href="#[b0]">&gt;&gt;</a>&nbsp;&nbsp;&nbsp;UART_WaitOnFlagUntilTimeout
<LI><a href="#[a4]">&gt;&gt;</a>&nbsp;&nbsp;&nbsp;HAL_RTC_SetTime
<LI><a href="#[a2]">&gt;&gt;</a>&nbsp;&nbsp;&nbsp;HAL_RTC_SetDate
<LI><a href="#[a0]">&gt;&gt;</a>&nbsp;&nbsp;&nbsp;HAL_RTC_Init
</UL>

<P><STRONG><a name="[e2]"></a>HAL_IncTick</STRONG> (Thumb, 10 bytes, Stack size 0 bytes, stm32f0xx_hal.o(i.HAL_IncTick))
<BR><BR>[Called By]<UL><LI><a href="#[2e]">&gt;&gt;</a>&nbsp;&nbsp;&nbsp;timer_irq_handler
</UL>

<P><STRONG><a name="[94]"></a>HAL_Init</STRONG> (Thumb, 26 bytes, Stack size 8 bytes, stm32f0xx_hal.o(i.HAL_Init))
<BR><BR>[Stack]<UL><LI>Max Depth = 56<LI>Call Chain = HAL_Init &rArr; HAL_InitTick &rArr; HAL_TIM_OC_Init &rArr; TIM_Base_SetConfig
</UL>
<BR>[Calls]<UL><LI><a href="#[96]">&gt;&gt;</a>&nbsp;&nbsp;&nbsp;HAL_MspInit
<LI><a href="#[95]">&gt;&gt;</a>&nbsp;&nbsp;&nbsp;HAL_InitTick
</UL>
<BR>[Called By]<UL><LI><a href="#[28]">&gt;&gt;</a>&nbsp;&nbsp;&nbsp;SystemInit
<LI><a href="#[92]">&gt;&gt;</a>&nbsp;&nbsp;&nbsp;mbed_sdk_init
</UL>

<P><STRONG><a name="[95]"></a>HAL_InitTick</STRONG> (Thumb, 140 bytes, Stack size 16 bytes, hal_tick.o(i.HAL_InitTick))
<BR><BR>[Stack]<UL><LI>Max Depth = 48<LI>Call Chain = HAL_InitTick &rArr; HAL_TIM_OC_Init &rArr; TIM_Base_SetConfig
</UL>
<BR>[Calls]<UL><LI><a href="#[97]">&gt;&gt;</a>&nbsp;&nbsp;&nbsp;SystemCoreClockUpdate
<LI><a href="#[9a]">&gt;&gt;</a>&nbsp;&nbsp;&nbsp;HAL_TIM_OC_Start
<LI><a href="#[98]">&gt;&gt;</a>&nbsp;&nbsp;&nbsp;HAL_TIM_OC_Init
<LI><a href="#[99]">&gt;&gt;</a>&nbsp;&nbsp;&nbsp;NVIC_SetVector
<LI><a href="#[70]">&gt;&gt;</a>&nbsp;&nbsp;&nbsp;__aeabi_uidivmod
</UL>
<BR>[Called By]<UL><LI><a href="#[9b]">&gt;&gt;</a>&nbsp;&nbsp;&nbsp;HAL_RCC_ClockConfig
<LI><a href="#[94]">&gt;&gt;</a>&nbsp;&nbsp;&nbsp;HAL_Init
<LI><a href="#[31]">&gt;&gt;</a>&nbsp;&nbsp;&nbsp;us_ticker_init
<LI><a href="#[32]">&gt;&gt;</a>&nbsp;&nbsp;&nbsp;us_ticker_read
</UL>

<P><STRONG><a name="[96]"></a>HAL_MspInit</STRONG> (Thumb, 2 bytes, Stack size 0 bytes, stm32f0xx_hal.o(i.HAL_MspInit))
<BR><BR>[Called By]<UL><LI><a href="#[94]">&gt;&gt;</a>&nbsp;&nbsp;&nbsp;HAL_Init
</UL>

<P><STRONG><a name="[de]"></a>HAL_PWR_EnableBkUpAccess</STRONG> (Thumb, 12 bytes, Stack size 0 bytes, stm32f0xx_hal_pwr.o(i.HAL_PWR_EnableBkUpAccess))
<BR><BR>[Called By]<UL><LI><a href="#[7]">&gt;&gt;</a>&nbsp;&nbsp;&nbsp;rtc_init
</UL>

<P><STRONG><a name="[9b]"></a>HAL_RCC_ClockConfig</STRONG> (Thumb, 454 bytes, Stack size 24 bytes, stm32f0xx_hal_rcc.o(i.HAL_RCC_ClockConfig))
<BR><BR>[Stack]<UL><LI>Max Depth = 72<LI>Call Chain = HAL_RCC_ClockConfig &rArr; HAL_InitTick &rArr; HAL_TIM_OC_Init &rArr; TIM_Base_SetConfig
</UL>
<BR>[Calls]<UL><LI><a href="#[95]">&gt;&gt;</a>&nbsp;&nbsp;&nbsp;HAL_InitTick
<LI><a href="#[9c]">&gt;&gt;</a>&nbsp;&nbsp;&nbsp;HAL_GetTick
</UL>
<BR>[Called By]<UL><LI><a href="#[28]">&gt;&gt;</a>&nbsp;&nbsp;&nbsp;SystemInit
</UL>

<P><STRONG><a name="[9d]"></a>HAL_RCC_GetPCLK1Freq</STRONG> (Thumb, 104 bytes, Stack size 48 bytes, stm32f0xx_hal_rcc.o(i.HAL_RCC_GetPCLK1Freq))
<BR><BR>[Stack]<UL><LI>Max Depth = 60<LI>Call Chain = HAL_RCC_GetPCLK1Freq &rArr; __aeabi_uidivmod
</UL>
<BR>[Calls]<UL><LI><a href="#[70]">&gt;&gt;</a>&nbsp;&nbsp;&nbsp;__aeabi_uidivmod
</UL>
<BR>[Called By]<UL><LI><a href="#[ab]">&gt;&gt;</a>&nbsp;&nbsp;&nbsp;UART_SetConfig
</UL>

<P><STRONG><a name="[9e]"></a>HAL_RCC_GetSysClockFreq</STRONG> (Thumb, 78 bytes, Stack size 40 bytes, stm32f0xx_hal_rcc.o(i.HAL_RCC_GetSysClockFreq))
<BR><BR>[Stack]<UL><LI>Max Depth = 52<LI>Call Chain = HAL_RCC_GetSysClockFreq &rArr; __aeabi_uidivmod
</UL>
<BR>[Calls]<UL><LI><a href="#[70]">&gt;&gt;</a>&nbsp;&nbsp;&nbsp;__aeabi_uidivmod
</UL>
<BR>[Called By]<UL><LI><a href="#[ab]">&gt;&gt;</a>&nbsp;&nbsp;&nbsp;UART_SetConfig
</UL>

<P><STRONG><a name="[9f]"></a>HAL_RCC_OscConfig</STRONG> (Thumb, 1022 bytes, Stack size 24 bytes, stm32f0xx_hal_rcc.o(i.HAL_RCC_OscConfig))
<BR><BR>[Stack]<UL><LI>Max Depth = 24<LI>Call Chain = HAL_RCC_OscConfig
</UL>
<BR>[Calls]<UL><LI><a href="#[9c]">&gt;&gt;</a>&nbsp;&nbsp;&nbsp;HAL_GetTick
</UL>
<BR>[Called By]<UL><LI><a href="#[28]">&gt;&gt;</a>&nbsp;&nbsp;&nbsp;SystemInit
<LI><a href="#[7]">&gt;&gt;</a>&nbsp;&nbsp;&nbsp;rtc_init
</UL>

<P><STRONG><a name="[e0]"></a>HAL_RTC_GetDate</STRONG> (Thumb, 86 bytes, Stack size 8 bytes, stm32f0xx_hal_rtc.o(i.HAL_RTC_GetDate))
<BR><BR>[Stack]<UL><LI>Max Depth = 8<LI>Call Chain = HAL_RTC_GetDate
</UL>
<BR>[Called By]<UL><LI><a href="#[9]">&gt;&gt;</a>&nbsp;&nbsp;&nbsp;rtc_read
</UL>

<P><STRONG><a name="[df]"></a>HAL_RTC_GetTime</STRONG> (Thumb, 94 bytes, Stack size 12 bytes, stm32f0xx_hal_rtc.o(i.HAL_RTC_GetTime))
<BR><BR>[Stack]<UL><LI>Max Depth = 12<LI>Call Chain = HAL_RTC_GetTime
</UL>
<BR>[Called By]<UL><LI><a href="#[9]">&gt;&gt;</a>&nbsp;&nbsp;&nbsp;rtc_read
</UL>

<P><STRONG><a name="[a0]"></a>HAL_RTC_Init</STRONG> (Thumb, 196 bytes, Stack size 24 bytes, stm32f0xx_hal_rtc.o(i.HAL_RTC_Init))
<BR><BR>[Stack]<UL><LI>Max Depth = 24<LI>Call Chain = HAL_RTC_Init
</UL>
<BR>[Calls]<UL><LI><a href="#[9c]">&gt;&gt;</a>&nbsp;&nbsp;&nbsp;HAL_GetTick
<LI><a href="#[a1]">&gt;&gt;</a>&nbsp;&nbsp;&nbsp;HAL_RTC_MspInit
</UL>
<BR>[Called By]<UL><LI><a href="#[7]">&gt;&gt;</a>&nbsp;&nbsp;&nbsp;rtc_init
</UL>

<P><STRONG><a name="[a1]"></a>HAL_RTC_MspInit</STRONG> (Thumb, 2 bytes, Stack size 0 bytes, stm32f0xx_hal_rtc.o(i.HAL_RTC_MspInit))
<BR><BR>[Called By]<UL><LI><a href="#[a0]">&gt;&gt;</a>&nbsp;&nbsp;&nbsp;HAL_RTC_Init
</UL>

<P><STRONG><a name="[a2]"></a>HAL_RTC_SetDate</STRONG> (Thumb, 268 bytes, Stack size 24 bytes, stm32f0xx_hal_rtc.o(i.HAL_RTC_SetDate))
<BR><BR>[Stack]<UL><LI>Max Depth = 68<LI>Call Chain = HAL_RTC_SetDate &rArr; RTC_ByteToBcd2 &rArr; __aeabi_idivmod &rArr; __aeabi_uidivmod
</UL>
<BR>[Calls]<UL><LI><a href="#[9c]">&gt;&gt;</a>&nbsp;&nbsp;&nbsp;HAL_GetTick
<LI><a href="#[a3]">&gt;&gt;</a>&nbsp;&nbsp;&nbsp;RTC_ByteToBcd2
</UL>
<BR>[Called By]<UL><LI><a href="#[a]">&gt;&gt;</a>&nbsp;&nbsp;&nbsp;rtc_write
</UL>

<P><STRONG><a name="[a4]"></a>HAL_RTC_SetTime</STRONG> (Thumb, 310 bytes, Stack size 24 bytes, stm32f0xx_hal_rtc.o(i.HAL_RTC_SetTime))
<BR><BR>[Stack]<UL><LI>Max Depth = 68<LI>Call Chain = HAL_RTC_SetTime &rArr; RTC_ByteToBcd2 &rArr; __aeabi_idivmod &rArr; __aeabi_uidivmod
</UL>
<BR>[Calls]<UL><LI><a href="#[9c]">&gt;&gt;</a>&nbsp;&nbsp;&nbsp;HAL_GetTick
<LI><a href="#[a3]">&gt;&gt;</a>&nbsp;&nbsp;&nbsp;RTC_ByteToBcd2
</UL>
<BR>[Called By]<UL><LI><a href="#[a]">&gt;&gt;</a>&nbsp;&nbsp;&nbsp;rtc_write
</UL>

<P><STRONG><a name="[a5]"></a>HAL_SPI_Init</STRONG> (Thumb, 204 bytes, Stack size 24 bytes, stm32f0xx_hal_spi.o(i.HAL_SPI_Init))
<BR><BR>[Stack]<UL><LI>Max Depth = 24<LI>Call Chain = HAL_SPI_Init
</UL>
<BR>[Calls]<UL><LI><a href="#[a6]">&gt;&gt;</a>&nbsp;&nbsp;&nbsp;HAL_SPI_MspInit
</UL>
<BR>[Called By]<UL><LI><a href="#[d7]">&gt;&gt;</a>&nbsp;&nbsp;&nbsp;init_spi
</UL>

<P><STRONG><a name="[a6]"></a>HAL_SPI_MspInit</STRONG> (Thumb, 2 bytes, Stack size 0 bytes, stm32f0xx_hal_spi.o(i.HAL_SPI_MspInit))
<BR><BR>[Called By]<UL><LI><a href="#[a5]">&gt;&gt;</a>&nbsp;&nbsp;&nbsp;HAL_SPI_Init
</UL>

<P><STRONG><a name="[98]"></a>HAL_TIM_OC_Init</STRONG> (Thumb, 50 bytes, Stack size 16 bytes, stm32f0xx_hal_tim.o(i.HAL_TIM_OC_Init))
<BR><BR>[Stack]<UL><LI>Max Depth = 32<LI>Call Chain = HAL_TIM_OC_Init &rArr; TIM_Base_SetConfig
</UL>
<BR>[Calls]<UL><LI><a href="#[a7]">&gt;&gt;</a>&nbsp;&nbsp;&nbsp;HAL_TIM_OC_MspInit
<LI><a href="#[a8]">&gt;&gt;</a>&nbsp;&nbsp;&nbsp;TIM_Base_SetConfig
</UL>
<BR>[Called By]<UL><LI><a href="#[95]">&gt;&gt;</a>&nbsp;&nbsp;&nbsp;HAL_InitTick
</UL>

<P><STRONG><a name="[a7]"></a>HAL_TIM_OC_MspInit</STRONG> (Thumb, 2 bytes, Stack size 0 bytes, stm32f0xx_hal_tim.o(i.HAL_TIM_OC_MspInit))
<BR><BR>[Called By]<UL><LI><a href="#[98]">&gt;&gt;</a>&nbsp;&nbsp;&nbsp;HAL_TIM_OC_Init
</UL>

<P><STRONG><a name="[9a]"></a>HAL_TIM_OC_Start</STRONG> (Thumb, 66 bytes, Stack size 4 bytes, stm32f0xx_hal_tim.o(i.HAL_TIM_OC_Start))
<BR><BR>[Stack]<UL><LI>Max Depth = 4<LI>Call Chain = HAL_TIM_OC_Start
</UL>
<BR>[Called By]<UL><LI><a href="#[95]">&gt;&gt;</a>&nbsp;&nbsp;&nbsp;HAL_InitTick
</UL>

<P><STRONG><a name="[a9]"></a>HAL_UART_Init</STRONG> (Thumb, 106 bytes, Stack size 16 bytes, stm32f0xx_hal_uart.o(i.HAL_UART_Init))
<BR><BR>[Stack]<UL><LI>Max Depth = 100<LI>Call Chain = HAL_UART_Init &rArr; UART_SetConfig &rArr; HAL_RCC_GetPCLK1Freq &rArr; __aeabi_uidivmod
</UL>
<BR>[Calls]<UL><LI><a href="#[aa]">&gt;&gt;</a>&nbsp;&nbsp;&nbsp;HAL_UART_MspInit
<LI><a href="#[ab]">&gt;&gt;</a>&nbsp;&nbsp;&nbsp;UART_SetConfig
<LI><a href="#[ad]">&gt;&gt;</a>&nbsp;&nbsp;&nbsp;UART_CheckIdleState
<LI><a href="#[ac]">&gt;&gt;</a>&nbsp;&nbsp;&nbsp;UART_AdvFeatureConfig
</UL>
<BR>[Called By]<UL><LI><a href="#[d8]">&gt;&gt;</a>&nbsp;&nbsp;&nbsp;init_uart
</UL>

<P><STRONG><a name="[aa]"></a>HAL_UART_MspInit</STRONG> (Thumb, 2 bytes, Stack size 0 bytes, stm32f0xx_hal_uart.o(i.HAL_UART_MspInit))
<BR><BR>[Called By]<UL><LI><a href="#[a9]">&gt;&gt;</a>&nbsp;&nbsp;&nbsp;HAL_UART_Init
</UL>

<P><STRONG><a name="[99]"></a>NVIC_SetVector</STRONG> (Thumb, 60 bytes, Stack size 16 bytes, cmsis_nvic.o(i.NVIC_SetVector))
<BR><BR>[Stack]<UL><LI>Max Depth = 16<LI>Call Chain = NVIC_SetVector
</UL>
<BR>[Called By]<UL><LI><a href="#[95]">&gt;&gt;</a>&nbsp;&nbsp;&nbsp;HAL_InitTick
</UL>

<P><STRONG><a name="[a3]"></a>RTC_ByteToBcd2</STRONG> (Thumb, 42 bytes, Stack size 16 bytes, stm32f0xx_hal_rtc.o(i.RTC_ByteToBcd2))
<BR><BR>[Stack]<UL><LI>Max Depth = 44<LI>Call Chain = RTC_ByteToBcd2 &rArr; __aeabi_idivmod &rArr; __aeabi_uidivmod
</UL>
<BR>[Calls]<UL><LI><a href="#[42]">&gt;&gt;</a>&nbsp;&nbsp;&nbsp;__aeabi_idivmod
</UL>
<BR>[Called By]<UL><LI><a href="#[a4]">&gt;&gt;</a>&nbsp;&nbsp;&nbsp;HAL_RTC_SetTime
<LI><a href="#[a2]">&gt;&gt;</a>&nbsp;&nbsp;&nbsp;HAL_RTC_SetDate
</UL>

<P><STRONG><a name="[ae]"></a>Set_GPIO_Clock</STRONG> (Thumb, 110 bytes, Stack size 16 bytes, pinmap.o(i.Set_GPIO_Clock))
<BR><BR>[Stack]<UL><LI>Max Depth = 112<LI>Call Chain = Set_GPIO_Clock &rArr; error &rArr; exit &rArr; mbed_die &rArr; wait_ms &rArr; us_ticker_read &rArr; HAL_InitTick &rArr; HAL_TIM_OC_Init &rArr; TIM_Base_SetConfig
</UL>
<BR>[Calls]<UL><LI><a href="#[af]">&gt;&gt;</a>&nbsp;&nbsp;&nbsp;error
</UL>
<BR>[Called By]<UL><LI><a href="#[d3]">&gt;&gt;</a>&nbsp;&nbsp;&nbsp;gpio_init
<LI><a href="#[d6]">&gt;&gt;</a>&nbsp;&nbsp;&nbsp;pin_mode
<LI><a href="#[d2]">&gt;&gt;</a>&nbsp;&nbsp;&nbsp;pin_function
</UL>

<P><STRONG><a name="[97]"></a>SystemCoreClockUpdate</STRONG> (Thumb, 90 bytes, Stack size 16 bytes, system_stm32f0xx.o(i.SystemCoreClockUpdate))
<BR><BR>[Stack]<UL><LI>Max Depth = 28<LI>Call Chain = SystemCoreClockUpdate &rArr; __aeabi_uidivmod
</UL>
<BR>[Calls]<UL><LI><a href="#[70]">&gt;&gt;</a>&nbsp;&nbsp;&nbsp;__aeabi_uidivmod
</UL>
<BR>[Called By]<UL><LI><a href="#[92]">&gt;&gt;</a>&nbsp;&nbsp;&nbsp;mbed_sdk_init
<LI><a href="#[95]">&gt;&gt;</a>&nbsp;&nbsp;&nbsp;HAL_InitTick
</UL>

<P><STRONG><a name="[28]"></a>SystemInit</STRONG> (Thumb, 178 bytes, Stack size 96 bytes, system_stm32f0xx.o(i.SystemInit))
<BR><BR>[Stack]<UL><LI>Max Depth = 168<LI>Call Chain = SystemInit &rArr; HAL_RCC_ClockConfig &rArr; HAL_InitTick &rArr; HAL_TIM_OC_Init &rArr; TIM_Base_SetConfig
</UL>
<BR>[Calls]<UL><LI><a href="#[9f]">&gt;&gt;</a>&nbsp;&nbsp;&nbsp;HAL_RCC_OscConfig
<LI><a href="#[9b]">&gt;&gt;</a>&nbsp;&nbsp;&nbsp;HAL_RCC_ClockConfig
<LI><a href="#[94]">&gt;&gt;</a>&nbsp;&nbsp;&nbsp;HAL_Init
</UL>
<BR>[Address Reference Count : 1]<UL><LI> startup_stm32f031x6.o(.text)
</UL>
<P><STRONG><a name="[a8]"></a>TIM_Base_SetConfig</STRONG> (Thumb, 106 bytes, Stack size 16 bytes, stm32f0xx_hal_tim.o(i.TIM_Base_SetConfig))
<BR><BR>[Stack]<UL><LI>Max Depth = 16<LI>Call Chain = TIM_Base_SetConfig
</UL>
<BR>[Called By]<UL><LI><a href="#[98]">&gt;&gt;</a>&nbsp;&nbsp;&nbsp;HAL_TIM_OC_Init
</UL>

<P><STRONG><a name="[ac]"></a>UART_AdvFeatureConfig</STRONG> (Thumb, 204 bytes, Stack size 4 bytes, stm32f0xx_hal_uart.o(i.UART_AdvFeatureConfig))
<BR><BR>[Stack]<UL><LI>Max Depth = 4<LI>Call Chain = UART_AdvFeatureConfig
</UL>
<BR>[Called By]<UL><LI><a href="#[a9]">&gt;&gt;</a>&nbsp;&nbsp;&nbsp;HAL_UART_Init
</UL>

<P><STRONG><a name="[ad]"></a>UART_CheckIdleState</STRONG> (Thumb, 84 bytes, Stack size 16 bytes, stm32f0xx_hal_uart.o(i.UART_CheckIdleState))
<BR><BR>[Stack]<UL><LI>Max Depth = 40<LI>Call Chain = UART_CheckIdleState &rArr; UART_WaitOnFlagUntilTimeout
</UL>
<BR>[Calls]<UL><LI><a href="#[b0]">&gt;&gt;</a>&nbsp;&nbsp;&nbsp;UART_WaitOnFlagUntilTimeout
</UL>
<BR>[Called By]<UL><LI><a href="#[a9]">&gt;&gt;</a>&nbsp;&nbsp;&nbsp;HAL_UART_Init
</UL>

<P><STRONG><a name="[ab]"></a>UART_SetConfig</STRONG> (Thumb, 300 bytes, Stack size 24 bytes, stm32f0xx_hal_uart.o(i.UART_SetConfig))
<BR><BR>[Stack]<UL><LI>Max Depth = 84<LI>Call Chain = UART_SetConfig &rArr; HAL_RCC_GetPCLK1Freq &rArr; __aeabi_uidivmod
</UL>
<BR>[Calls]<UL><LI><a href="#[9e]">&gt;&gt;</a>&nbsp;&nbsp;&nbsp;HAL_RCC_GetSysClockFreq
<LI><a href="#[9d]">&gt;&gt;</a>&nbsp;&nbsp;&nbsp;HAL_RCC_GetPCLK1Freq
<LI><a href="#[70]">&gt;&gt;</a>&nbsp;&nbsp;&nbsp;__aeabi_uidivmod
</UL>
<BR>[Called By]<UL><LI><a href="#[a9]">&gt;&gt;</a>&nbsp;&nbsp;&nbsp;HAL_UART_Init
</UL>

<P><STRONG><a name="[b0]"></a>UART_WaitOnFlagUntilTimeout</STRONG> (Thumb, 216 bytes, Stack size 24 bytes, stm32f0xx_hal_uart.o(i.UART_WaitOnFlagUntilTimeout))
<BR><BR>[Stack]<UL><LI>Max Depth = 24<LI>Call Chain = UART_WaitOnFlagUntilTimeout
</UL>
<BR>[Calls]<UL><LI><a href="#[9c]">&gt;&gt;</a>&nbsp;&nbsp;&nbsp;HAL_GetTick
</UL>
<BR>[Called By]<UL><LI><a href="#[ad]">&gt;&gt;</a>&nbsp;&nbsp;&nbsp;UART_CheckIdleState
</UL>

<P><STRONG><a name="[51]"></a>mbed::DigitalOut::DigitalOut(PinName)</STRONG> (Thumb, 26 bytes, Stack size 16 bytes, ssd1306.o(i._ZN4mbed10DigitalOutC1E7PinName))
<BR><BR>[Stack]<UL><LI>Max Depth = 200<LI>Call Chain = mbed::DigitalOut::DigitalOut(PinName) &rArr; gpio_init_out &rArr; gpio_init &rArr; pin_function &rArr; Set_GPIO_Clock &rArr; error &rArr; exit &rArr; mbed_die &rArr; wait_ms &rArr; us_ticker_read &rArr; HAL_InitTick &rArr; HAL_TIM_OC_Init &rArr; TIM_Base_SetConfig
</UL>
<BR>[Calls]<UL><LI><a href="#[b2]">&gt;&gt;</a>&nbsp;&nbsp;&nbsp;gpio_init_out
<LI><a href="#[b1]">&gt;&gt;</a>&nbsp;&nbsp;&nbsp;__aeabi_memclr4
</UL>
[...]
</UL>
<BR>[Calls]<UL><LI><a href="#[d6]">&gt;&gt;</a>&nbsp;&nbsp;&nbsp;pin_mode
</UL>
<BR>[Called By]<UL><LI><a href="#[b2]">&gt;&gt;</a>&nbsp;&nbsp;&nbsp;gpio_init_out
<LI><a href="#[d5]">&gt;&gt;</a>&nbsp;&nbsp;&nbsp;gpio_init_out_ex
</UL>

<P><STRONG><a name="[b3]"></a>mbed_assert_internal</STRONG> (Thumb, 16 bytes, Stack size 8 bytes, assert.o(i.mbed_assert_internal))
<BR><BR>[Stack]<UL><LI>Max Depth = 104<LI>Call Chain = mbed_assert_internal &rArr; error &rArr; exit &rArr; mbed_die &rArr; wait_ms &rArr; us_ticker_read &rArr; HAL_InitTick &rArr; HAL_TIM_OC_Init &rArr; TIM_Base_SetConfig
</UL>
<BR>[Calls]<UL><LI><a href="#[af]">&gt;&gt;</a>&nbsp;&nbsp;&nbsp;error
</UL>
<BR>[Called By]<UL><LI><a href="#[cc]">&gt;&gt;</a>&nbsp;&nbsp;&nbsp;serial_init
<LI><a href="#[53]">&gt;&gt;</a>&nbsp;&nbsp;&nbsp;mbed::DigitalOut::operator =(int)
<LI><a href="#[b2]">&gt;&gt;</a>&nbsp;&nbsp;&nbsp;gpio_init_out
<LI><a href="#[d1]">&gt;&gt;</a>&nbsp;&nbsp;&nbsp;gpio_dir
<LI><a href="#[d5]">&gt;&gt;</a>&nbsp;&nbsp;&nbsp;gpio_init_out_ex
<LI><a href="#[b7]">&gt;&gt;</a>&nbsp;&nbsp;&nbsp;spi_init
<LI><a href="#[d6]">&gt;&gt;</a>&nbsp;&nbsp;&nbsp;pin_mode
<LI><a href="#[d2]">&gt;&gt;</a>&nbsp;&nbsp;&nbsp;pin_function
</UL>

<P><STRONG><a name="[d0]"></a>mbed_die</STRONG> (Thumb, 16 bytes, Stack size 0 bytes, board.o(i.mbed_die))
<BR><BR>[Stack]<UL><LI>Max Depth = 72<LI>Call Chain = mbed_die &rArr; wait_ms &rArr; us_ticker_read &rArr; HAL_InitTick &rArr; HAL_TIM_OC_Init &rArr; TIM_Base_SetConfig
</UL>
<BR>[Calls]<UL><LI><a href="#[d9]">&gt;&gt;</a>&nbsp;&nbsp;&nbsp;wait_ms
</UL>
<BR>[Called By]<UL><LI><a href="#[cf]">&gt;&gt;</a>&nbsp;&nbsp;&nbsp;exit
</UL>

<P><STRONG><a name="[93]"></a>mbed_main</STRONG> (Thumb, 2 bytes, Stack size 0 bytes, retarget.o(i.mbed_main))
<BR><BR>[Called By]<UL><LI><a href="#[27]">&gt;&gt;</a>&nbsp;&nbsp;&nbsp;main
</UL>

<P><STRONG><a name="[92]"></a>mbed_sdk_init</STRONG> (Thumb, 12 bytes, Stack size 8 bytes, mbed_overrides.o(i.mbed_sdk_init))
<BR><BR>[Stack]<UL><LI>Max Depth = 64<LI>Call Chain = mbed_sdk_init &rArr; HAL_Init &rArr; HAL_InitTick &rArr; HAL_TIM_OC_Init &rArr; TIM_Base_SetConfig
</UL>
<BR>[Calls]<UL><LI><a href="#[94]">&gt;&gt;</a>&nbsp;&nbsp;&nbsp;HAL_Init
<LI><a href="#[97]">&gt;&gt;</a>&nbsp;&nbsp;&nbsp;SystemCoreClockUpdate
</UL>
<BR>[Called By]<UL><LI><a href="#[27]">&gt;&gt;</a>&nbsp;&nbsp;&nbsp;main
</UL>

<P><STRONG><a name="[d2]"></a>pin_function</STRONG> (Thumb, 78 bytes, Stack size 40 bytes, pinmap.o(i.pin_function))
<BR><BR>[Stack]<UL><LI>Max Depth = 152<LI>Call Chain = pin_function &rArr; Set_GPIO_Clock &rArr; error &rArr; exit &rArr; mbed_die &rArr; wait_ms &rArr; us_ticker_read &rArr; HAL_InitTick &rArr; HAL_TIM_OC_Init &rArr; TIM_Base_SetConfig
</UL>
<BR>[Calls]<UL><LI><a href="#[da]">&gt;&gt;</a>&nbsp;&nbsp;&nbsp;HAL_GPIO_Init
<LI><a href="#[b3]">&gt;&gt;</a>&nbsp;&nbsp;&nbsp;mbed_assert_internal
<LI><a href="#[ae]">&gt;&gt;</a>&nbsp;&nbsp;&nbsp;Set_GPIO_Clock
</UL>
<BR>[Called By]<UL><LI><a href="#[d3]">&gt;&gt;</a>&nbsp;&nbsp;&nbsp;gpio_init
<LI><a href="#[d1]">&gt;&gt;</a>&nbsp;&nbsp;&nbsp;gpio_dir
<LI><a href="#[dd]">&gt;&gt;</a>&nbsp;&nbsp;&nbsp;pinmap_pinout
</UL>

<P><STRONG><a name="[d6]"></a>pin_mode</STRONG> (Thumb, 60 bytes, Stack size 16 bytes, pinmap.o(i.pin_mode))
<BR><BR>[Stack]<UL><LI>Max Depth = 128<LI>Call Chain = pin_mode &rArr; Set_GPIO_Clock &rArr; error &rArr; exit &rArr; mbed_die &rArr; wait_ms &rArr; us_ticker_read &rArr; HAL_InitTick &rArr; HAL_TIM_OC_Init &rArr; TIM_Base_SetConfig
</UL>
<BR>[Calls]<UL><LI><a href="#[b3]">&gt;&gt;</a>&nbsp;&nbsp;&nbsp;mbed_assert_internal
<LI><a href="#[ae]">&gt;&gt;</a>&nbsp;&nbsp;&nbsp;Set_GPIO_Clock
</UL>
<BR>[Called By]<UL><LI><a href="#[cc]">&gt;&gt;</a>&nbsp;&nbsp;&nbsp;serial_init
<LI><a href="#[d4]">&gt;&gt;</a>&nbsp;&nbsp;&nbsp;gpio_mode
<LI><a href="#[dd]">&gt;&gt;</a>&nbsp;&nbsp;&nbsp;pinmap_pinout
</UL>

<P><STRONG><a name="[db]"></a>pinmap_merge</STRONG> (Thumb, 30 bytes, Stack size 8 bytes, pinmap_common.o(i.pinmap_merge))
<BR><BR>[Stack]<UL><LI>Max Depth = 104<LI>Call Chain = pinmap_merge &rArr; error &rArr; exit &rArr; mbed_die &rArr; wait_ms &rArr; us_ticker_read &rArr; HAL_InitTick &rArr; HAL_TIM_OC_Init &rArr; TIM_Base_SetConfig
</UL>
<BR>[Calls]<UL><LI><a href="#[af]">&gt;&gt;</a>&nbsp;&nbsp;&nbsp;error
</UL>
<BR>[Called By]<UL><LI><a href="#[cc]">&gt;&gt;</a>&nbsp;&nbsp;&nbsp;serial_init
<LI><a href="#[b7]">&gt;&gt;</a>&nbsp;&nbsp;&nbsp;spi_init
</UL>

<P><STRONG><a name="[dc]"></a>pinmap_peripheral</STRONG> (Thumb, 60 bytes, Stack size 8 bytes, pinmap_common.o(i.pinmap_peripheral))
<BR><BR>[Stack]<UL><LI>Max Depth = 104<LI>Call Chain = pinmap_peripheral &rArr; error &rArr; exit &rArr; mbed_die &rArr; wait_ms &rArr; us_ticker_read &rArr; HAL_InitTick &rArr; HAL_TIM_OC_Init &rArr; TIM_Base_SetConfig
</UL>
<BR>[Calls]<UL><LI><a href="#[af]">&gt;&gt;</a>&nbsp;&nbsp;&nbsp;error
</UL>
<BR>[Called By]<UL><LI><a href="#[cc]">&gt;&gt;</a>&nbsp;&nbsp;&nbsp;serial_init
<LI><a href="#[b7]">&gt;&gt;</a>&nbsp;&nbsp;&nbsp;spi_init
</UL>

<P><STRONG><a name="[dd]"></a>pinmap_pinout</STRONG> (Thumb, 62 bytes, Stack size 8 bytes, pinmap_common.o(i.pinmap_pinout))
<BR><BR>[Stack]<UL><LI>Max Depth = 160<LI>Call Chain = pinmap_pinout &rArr; pin_function &rArr; Set_GPIO_Clock &rArr; error &rArr; exit &rArr; mbed_die &rArr; wait_ms &rArr; us_ticker_read &rArr; HAL_InitTick &rArr; HAL_TIM_OC_Init &rArr; TIM_Base_SetConfig
</UL>
<BR>[Calls]<UL><LI><a href="#[af]">&gt;&gt;</a>&nbsp;&nbsp;&nbsp;error
<LI><a href="#[d6]">&gt;&gt;</a>&nbsp;&nbsp;&nbsp;pin_mode
<LI><a href="#[d2]">&gt;&gt;</a>&nbsp;&nbsp;&nbsp;pin_function
</UL>
<BR>[Called By]<UL><LI><a href="#[cc]">&gt;&gt;</a>&nbsp;&nbsp;&nbsp;serial_init
<LI><a href="#[b7]">&gt;&gt;</a>&nbsp;&nbsp;&nbsp;spi_init
</UL>

<P><STRONG><a name="[7]"></a>rtc_init</STRONG> (Thumb, 194 bytes, Stack size 80 bytes, rtc_api.o(i.rtc_init))
<BR><BR>[Stack]<UL><LI>Max Depth = 176<LI>Call Chain = rtc_init &rArr; error &rArr; exit &rArr; mbed_die &rArr; wait_ms &rArr; us_ticker_read &rArr; HAL_InitTick &rArr; HAL_TIM_OC_Init &rArr; TIM_Base_SetConfig
</UL>
<BR>[Calls]<UL><LI><a href="#[9f]">&gt;&gt;</a>&nbsp;&nbsp;&nbsp;HAL_RCC_OscConfig
<LI><a href="#[de]">&gt;&gt;</a>&nbsp;&nbsp;&nbsp;HAL_PWR_EnableBkUpAccess
<LI><a href="#[a0]">&gt;&gt;</a>&nbsp;&nbsp;&nbsp;HAL_RTC_Init
<LI><a href="#[af]">&gt;&gt;</a>&nbsp;&nbsp;&nbsp;error
</UL>
<BR>[Address Reference Count : 1]<UL><LI> rtc_time.o(.data)
</UL>
<P><STRONG><a name="[8]"></a>rtc_isenabled</STRONG> (Thumb, 6 bytes, Stack size 0 bytes, rtc_api.o(i.rtc_isenabled))
<BR>[Address Reference Count : 1]<UL><LI> rtc_time.o(.data)
</UL>
<P><STRONG><a name="[9]"></a>rtc_read</STRONG> (Thumb, 86 bytes, Stack size 72 bytes, rtc_api.o(i.rtc_read))
<BR><BR>[Stack]<UL><LI>Max Depth = 116<LI>Call Chain = rtc_read &rArr; mktime &rArr; _localtime &rArr; __aeabi_uidivmod
</UL>
<BR>[Calls]<UL><LI><a href="#[df]">&gt;&gt;</a>&nbsp;&nbsp;&nbsp;HAL_RTC_GetTime
<LI><a href="#[e0]">&gt;&gt;</a>&nbsp;&nbsp;&nbsp;HAL_RTC_GetDate
<LI><a href="#[74]">&gt;&gt;</a>&nbsp;&nbsp;&nbsp;mktime
</UL>
<BR>[Address Reference Count : 1]<UL><LI> rtc_time.o(.data)
</UL>
<P><STRONG><a name="[a]"></a>rtc_write</STRONG> (Thumb, 84 bytes, Stack size 32 bytes, rtc_api.o(i.rtc_write))
<BR><BR>[Stack]<UL><LI>Max Depth = 100<LI>Call Chain = rtc_write &rArr; HAL_RTC_SetTime &rArr; RTC_ByteToBcd2 &rArr; __aeabi_idivmod &rArr; __aeabi_uidivmod
</UL>
<BR>[Calls]<UL><LI><a href="#[a4]">&gt;&gt;</a>&nbsp;&nbsp;&nbsp;HAL_RTC_SetTime
<LI><a href="#[a2]">&gt;&gt;</a>&nbsp;&nbsp;&nbsp;HAL_RTC_SetDate
<LI><a href="#[81]">&gt;&gt;</a>&nbsp;&nbsp;&nbsp;localtime
</UL>
<BR>[Address Reference Count : 1]<UL><LI> rtc_time.o(.data)
</UL>
<P><STRONG><a name="[cc]"></a>serial_init</STRONG> (Thumb, 182 bytes, Stack size 24 bytes, serial_api.o(i.serial_init))
<BR><BR>[Stack]<UL><LI>Max Depth = 184<LI>Call Chain = serial_init &rArr; pinmap_pinout &rArr; pin_function &rArr; Set_GPIO_Clock &rArr; error &rArr; exit &rArr; mbed_die &rArr; wait_ms &rArr; us_ticker_read &rArr; HAL_InitTick &rArr; HAL_TIM_OC_Init &rArr; TIM_Base_SetConfig
</UL>
<BR>[Calls]<UL><LI><a href="#[b3]">&gt;&gt;</a>&nbsp;&nbsp;&nbsp;mbed_assert_internal
<LI><a href="#[dd]">&gt;&gt;</a>&nbsp;&nbsp;&nbsp;pinmap_pinout
<LI><a href="#[dc]">&gt;&gt;</a>&nbsp;&nbsp;&nbsp;pinmap_peripheral
<LI><a href="#[db]">&gt;&gt;</a>&nbsp;&nbsp;&nbsp;pinmap_merge
<LI><a href="#[d6]">&gt;&gt;</a>&nbsp;&nbsp;&nbsp;pin_mode
<LI><a href="#[d8]">&gt;&gt;</a>&nbsp;&nbsp;&nbsp;init_uart
</UL>
<BR>[Called By]<UL><LI><a href="#[7d]">&gt;&gt;</a>&nbsp;&nbsp;&nbsp;_sys_write
</UL>

<P><STRONG><a name="[cd]"></a>serial_putc</STRONG> (Thumb, 30 bytes, Stack size 4 bytes, serial_api.o(i.serial_putc))
<BR><BR>[Stack]<UL><LI>Max Depth = 4<LI>Call Chain = serial_putc
</UL>
<BR>[Called By]<UL><LI><a href="#[7d]">&gt;&gt;</a>&nbsp;&nbsp;&nbsp;_sys_write
</UL>

<P><STRONG><a name="[b4]"></a>spi_format</STRONG> (Thumb, 96 bytes, Stack size 16 bytes, spi_api.o(i.spi_format))
<BR><BR>[Stack]<UL><LI>Max Depth = 56<LI>Call Chain = spi_format &rArr; init_spi &rArr; HAL_SPI_Init
</UL>
<BR>[Calls]<UL><LI><a href="#[d7]">&gt;&gt;</a>&nbsp;&nbsp;&nbsp;init_spi
</UL>
<BR>[Called By]<UL><LI><a href="#[50]">&gt;&gt;</a>&nbsp;&nbsp;&nbsp;mbed::SPI::SPI(PinName, PinName, PinName, PinName)
<LI><a href="#[36]">&gt;&gt;</a>&nbsp;&nbsp;&nbsp;mbed::SPI::write(int)
</UL>

<P><STRONG><a name="[b5]"></a>spi_frequency</STRONG> (Thumb, 104 bytes, Stack size 8 bytes, spi_api.o(i.spi_frequency))
<BR><BR>[Stack]<UL><LI>Max Depth = 48<LI>Call Chain = spi_frequency &rArr; init_spi &rArr; HAL_SPI_Init
</UL>
<BR>[Calls]<UL><LI><a href="#[d7]">&gt;&gt;</a>&nbsp;&nbsp;&nbsp;init_spi
</UL>
<BR>[Called By]<UL><LI><a href="#[50]">&gt;&gt;</a>&nbsp;&nbsp;&nbsp;mbed::SPI::SPI(PinName, PinName, PinName, PinName)
<LI><a href="#[36]">&gt;&gt;</a>&nbsp;&nbsp;&nbsp;mbed::SPI::write(int)
</UL>

<P><STRONG><a name="[b7]"></a>spi_init</STRONG> (Thumb, 198 bytes, Stack size 56 bytes, spi_api.o(i.spi_init))
<BR><BR>[Stack]<UL><LI>Max Depth = 216<LI>Call Chain = spi_init &rArr; pinmap_pinout &rArr; pin_function &rArr; Set_GPIO_Clock &rArr; error &rArr; exit &rArr; mbed_die &rArr; wait_ms &rArr; us_ticker_read &rArr; HAL_InitTick &rArr; HAL_TIM_OC_Init &rArr; TIM_Base_SetConfig
</UL>
<BR>[Calls]<UL><LI><a href="#[b3]">&gt;&gt;</a>&nbsp;&nbsp;&nbsp;mbed_assert_internal
<LI><a href="#[d7]">&gt;&gt;</a>&nbsp;&nbsp;&nbsp;init_spi
<LI><a href="#[dd]">&gt;&gt;</a>&nbsp;&nbsp;&nbsp;pinmap_pinout
<LI><a href="#[dc]">&gt;&gt;</a>&nbsp;&nbsp;&nbsp;pinmap_peripheral
<LI><a href="#[db]">&gt;&gt;</a>&nbsp;&nbsp;&nbsp;pinmap_merge
</UL>
<BR>[Called By]<UL><LI><a href="#[50]">&gt;&gt;</a>&nbsp;&nbsp;&nbsp;mbed::SPI::SPI(PinName, PinName, PinName, PinName)
</UL>

<P><STRONG><a name="[b6]"></a>spi_master_write</STRONG> (Thumb, 76 bytes, Stack size 8 bytes, spi_api.o(i.spi_master_write))
<BR><BR>[Stack]<UL><LI>Max Depth = 8<LI>Call Chain = spi_master_write
</UL>
<BR>[Called By]<UL><LI><a href="#[36]">&gt;&gt;</a>&nbsp;&nbsp;&nbsp;mbed::SPI::write(int)
</UL>

<P><STRONG><a name="[e3]"></a>ticker_irq_handler</STRONG> (Thumb, 74 bytes, Stack size 8 bytes, ticker_api.o(i.ticker_irq_handler))
<BR><BR>[Stack]<UL><LI>Max Depth = 8<LI>Call Chain = ticker_irq_handler
</UL>
<BR>[Called By]<UL><LI><a href="#[e1]">&gt;&gt;</a>&nbsp;&nbsp;&nbsp;us_ticker_irq_handler
</UL>

<P><STRONG><a name="[3f]"></a>time</STRONG> (Thumb, 56 bytes, Stack size 16 bytes, rtc_time.o(i.time))
<BR><BR>[Stack]<UL><LI>Max Depth = 16<LI>Call Chain = time
</UL>
<BR>[Called By]<UL><LI><a href="#[3e]">&gt;&gt;</a>&nbsp;&nbsp;&nbsp;testdrawbitmap(const unsigned char*, int, int)
</UL>

<P><STRONG><a name="[2e]"></a>timer_irq_handler</STRONG> (Thumb, 66 bytes, Stack size 24 bytes, hal_tick.o(i.timer_irq_handler))
<BR><BR>[Stack]<UL><LI>Max Depth = 40<LI>Call Chain = timer_irq_handler &rArr; us_ticker_irq_handler &rArr; ticker_irq_handler
</UL>
<BR>[Calls]<UL><LI><a href="#[e1]">&gt;&gt;</a>&nbsp;&nbsp;&nbsp;us_ticker_irq_handler
<LI><a href="#[e2]">&gt;&gt;</a>&nbsp;&nbsp;&nbsp;HAL_IncTick
</UL>
<BR>[Address Reference Count : 1]<UL><LI> hal_tick.o(i.HAL_InitTick)
</UL>
<P><STRONG><a name="[34]"></a>us_ticker_clear_interrupt</STRONG> (Thumb, 12 bytes, Stack size 0 bytes, us_ticker.o(i.us_ticker_clear_interrupt))
<BR>[Address Reference Count : 1]<UL><LI> us_ticker_api.o(.constdata)
</UL>
<P><STRONG><a name="[33]"></a>us_ticker_disable_interrupt</STRONG> (Thumb, 14 bytes, Stack size 0 bytes, us_ticker.o(i.us_ticker_disable_interrupt))
<BR>[Address Reference Count : 1]<UL><LI> us_ticker_api.o(.constdata)
</UL>
<P><STRONG><a name="[31]"></a>us_ticker_init</STRONG> (Thumb, 30 bytes, Stack size 8 bytes, us_ticker.o(i.us_ticker_init))
<BR><BR>[Stack]<UL><LI>Max Depth = 56<LI>Call Chain = us_ticker_init &rArr; HAL_InitTick &rArr; HAL_TIM_OC_Init &rArr; TIM_Base_SetConfig
</UL>
<BR>[Calls]<UL><LI><a href="#[95]">&gt;&gt;</a>&nbsp;&nbsp;&nbsp;HAL_InitTick
</UL>
<BR>[Address Reference Count : 1]<UL><LI> us_ticker_api.o(.constdata)
</UL>
<P><STRONG><a name="[e1]"></a>us_ticker_irq_handler</STRONG> (Thumb, 10 bytes, Stack size 8 bytes, us_ticker_api.o(i.us_ticker_irq_handler))
<BR><BR>[Stack]<UL><LI>Max Depth = 16<LI>Call Chain = us_ticker_irq_handler &rArr; ticker_irq_handler
</UL>
<BR>[Calls]<UL><LI><a href="#[e3]">&gt;&gt;</a>&nbsp;&nbsp;&nbsp;ticker_irq_handler
</UL>
<BR>[Called By]<UL><LI><a href="#[2e]">&gt;&gt;</a>&nbsp;&nbsp;&nbsp;timer_irq_handler
</UL>

<P><STRONG><a name="[32]"></a>us_ticker_read</STRONG> (Thumb, 32 bytes, Stack size 8 bytes, us_ticker.o(i.us_ticker_read))
<BR><BR>[Stack]<UL><LI>Max Depth = 56<LI>Call Chain = us_ticker_read &rArr; HAL_InitTick &rArr; HAL_TIM_OC_Init &rArr; TIM_Base_SetConfig
</UL>
<BR>[Calls]<UL><LI><a href="#[95]">&gt;&gt;</a>&nbsp;&nbsp;&nbsp;HAL_InitTick
</UL>
<BR>[Called By]<UL><LI><a href="#[d9]">&gt;&gt;</a>&nbsp;&nbsp;&nbsp;wait_ms
<LI><a href="#[45]">&gt;&gt;</a>&nbsp;&nbsp;&nbsp;wait
</UL>
<BR>[Address Reference Count : 1]<UL><LI> us_ticker_api.o(.constdata)
</UL>
<P><STRONG><a name="[35]"></a>us_ticker_set_interrupt</STRONG> (Thumb, 16 bytes, Stack size 0 bytes, us_ticker.o(i.us_ticker_set_interrupt))
<BR>[Address Reference Count : 1]<UL><LI> us_ticker_api.o(.constdata)
</UL>
<P><STRONG><a name="[45]"></a>wait</STRONG> (Thumb, 32 bytes, Stack size 16 bytes, wait_api.o(i.wait))
<BR><BR>[Stack]<UL><LI>Max Depth = 72<LI>Call Chain = wait &rArr; us_ticker_read &rArr; HAL_InitTick &rArr; HAL_TIM_OC_Init &rArr; TIM_Base_SetConfig
</UL>
<BR>[Calls]<UL><LI><a href="#[e4]">&gt;&gt;</a>&nbsp;&nbsp;&nbsp;__aeabi_fmul
<LI><a href="#[e5]">&gt;&gt;</a>&nbsp;&nbsp;&nbsp;__aeabi_f2iz
<LI><a href="#[32]">&gt;&gt;</a>&nbsp;&nbsp;&nbsp;us_ticker_read
</UL>
<BR>[Called By]<UL><LI><a href="#[49]">&gt;&gt;</a>&nbsp;&nbsp;&nbsp;$Super$$main
<LI><a href="#[4a]">&gt;&gt;</a>&nbsp;&nbsp;&nbsp;SSD1306::initialise()
<LI><a href="#[46]">&gt;&gt;</a>&nbsp;&nbsp;&nbsp;testdrawline()
<LI><a href="#[3e]">&gt;&gt;</a>&nbsp;&nbsp;&nbsp;testdrawbitmap(const unsigned char*, int, int)
</UL>

<P><STRONG><a name="[d9]"></a>wait_ms</STRONG> (Thumb, 28 bytes, Stack size 16 bytes, wait_api.o(i.wait_ms))
<BR><BR>[Stack]<UL><LI>Max Depth = 72<LI>Call Chain = wait_ms &rArr; us_ticker_read &rArr; HAL_InitTick &rArr; HAL_TIM_OC_Init &rArr; TIM_Base_SetConfig
</UL>
<BR>[Calls]<UL><LI><a href="#[32]">&gt;&gt;</a>&nbsp;&nbsp;&nbsp;us_ticker_read
</UL>
<BR>[Called By]<UL><LI><a href="#[d0]">&gt;&gt;</a>&nbsp;&nbsp;&nbsp;mbed_die
</UL>
<P>
<H3>
Local Symbols
</H3>
<P><STRONG><a name="[37]"></a>__sti___8_main_cpp_oled</STRONG> (Thumb, 24 bytes, Stack size 16 bytes, main.o(.text))
<BR><BR>[Stack]<UL><LI>Max Depth = 280<LI>Call Chain = __sti___8_main_cpp_oled &rArr; SSD1306::SSD1306(PinName, PinName, PinName, PinName, PinName) &rArr; mbed::SPI::SPI(PinName, PinName, PinName, PinName) &rArr; spi_init &rArr; pinmap_pinout &rArr; pin_function &rArr; Set_GPIO_Clock &rArr; error &rArr; exit &rArr; mbed_die &rArr; wait_ms &rArr; us_ticker_read &rArr; HAL_InitTick &rArr; HAL_TIM_OC_Init &rArr; TIM_Base_SetConfig
</UL>
<BR>[Calls]<UL><LI><a href="#[4f]">&gt;&gt;</a>&nbsp;&nbsp;&nbsp;SSD1306::SSD1306(PinName, PinName, PinName, PinName, PinName)
</UL>
<BR>[Address Reference Count : 1]<UL><LI> main.o(.init_array)
</UL>
<P><STRONG><a name="[d8]"></a>init_uart</STRONG> (Thumb, 74 bytes, Stack size 8 bytes, serial_api.o(i.init_uart))
<BR><BR>[Stack]<UL><LI>Max Depth = 108<LI>Call Chain = init_uart &rArr; HAL_UART_Init &rArr; UART_SetConfig &rArr; HAL_RCC_GetPCLK1Freq &rArr; __aeabi_uidivmod
</UL>
<BR>[Calls]<UL><LI><a href="#[a9]">&gt;&gt;</a>&nbsp;&nbsp;&nbsp;HAL_UART_Init
</UL>
<BR>[Called By]<UL><LI><a href="#[cc]">&gt;&gt;</a>&nbsp;&nbsp;&nbsp;serial_init
</UL>

<P><STRONG><a name="[d7]"></a>init_spi</STRONG> (Thumb, 70 bytes, Stack size 16 bytes, spi_api.o(i.init_spi))
<BR><BR>[Stack]<UL><LI>Max Depth = 40<LI>Call Chain = init_spi &rArr; HAL_SPI_Init
</UL>
<BR>[Calls]<UL><LI><a href="#[a5]">&gt;&gt;</a>&nbsp;&nbsp;&nbsp;HAL_SPI_Init
</UL>
<BR>[Called By]<UL><LI><a href="#[b7]">&gt;&gt;</a>&nbsp;&nbsp;&nbsp;spi_init
<LI><a href="#[b5]">&gt;&gt;</a>&nbsp;&nbsp;&nbsp;spi_frequency
<LI><a href="#[b4]">&gt;&gt;</a>&nbsp;&nbsp;&nbsp;spi_format
</UL>

<P><STRONG><a name="[c5]"></a>_fp_digits</STRONG> (Thumb, 316 bytes, Stack size 56 bytes, printfa.o(i._fp_digits), UNUSED)
<BR><BR>[Calls]<UL><LI><a href="#[7e]">&gt;&gt;</a>&nbsp;&nbsp;&nbsp;__aeabi_uldivmod
<LI><a href="#[89]">&gt;&gt;</a>&nbsp;&nbsp;&nbsp;__aeabi_dmul
<LI><a href="#[8a]">&gt;&gt;</a>&nbsp;&nbsp;&nbsp;__aeabi_ddiv
<LI><a href="#[83]">&gt;&gt;</a>&nbsp;&nbsp;&nbsp;__aeabi_dadd
<LI><a href="#[8b]">&gt;&gt;</a>&nbsp;&nbsp;&nbsp;__aeabi_d2ulz
<LI><a href="#[c6]">&gt;&gt;</a>&nbsp;&nbsp;&nbsp;__aeabi_cdrcmple
</UL>
<BR>[Called By]<UL><LI><a href="#[c1]">&gt;&gt;</a>&nbsp;&nbsp;&nbsp;_printf_core
</UL>

<P><STRONG><a name="[c1]"></a>_printf_core</STRONG> (Thumb, 1754 bytes, Stack size 128 bytes, printfa.o(i._printf_core), UNUSED)
<BR><BR>[Calls]<UL><LI><a href="#[7e]">&gt;&gt;</a>&nbsp;&nbsp;&nbsp;__aeabi_uldivmod
<LI><a href="#[c7]">&gt;&gt;</a>&nbsp;&nbsp;&nbsp;_printf_pre_padding
<LI><a href="#[c8]">&gt;&gt;</a>&nbsp;&nbsp;&nbsp;_printf_post_padding
<LI><a href="#[c5]">&gt;&gt;</a>&nbsp;&nbsp;&nbsp;_fp_digits
<LI><a href="#[70]">&gt;&gt;</a>&nbsp;&nbsp;&nbsp;__aeabi_uidivmod
</UL>
<BR>[Called By]<UL><LI><a href="#[c2]">&gt;&gt;</a>&nbsp;&nbsp;&nbsp;__0vsprintf
<LI><a href="#[c0]">&gt;&gt;</a>&nbsp;&nbsp;&nbsp;__0vfprintf
</UL>

<P><STRONG><a name="[c8]"></a>_printf_post_padding</STRONG> (Thumb, 32 bytes, Stack size 24 bytes, printfa.o(i._printf_post_padding), UNUSED)
<BR><BR>[Called By]<UL><LI><a href="#[c1]">&gt;&gt;</a>&nbsp;&nbsp;&nbsp;_printf_core
</UL>

<P><STRONG><a name="[c7]"></a>_printf_pre_padding</STRONG> (Thumb, 44 bytes, Stack size 40 bytes, printfa.o(i._printf_pre_padding), UNUSED)
<BR><BR>[Called By]<UL><LI><a href="#[c1]">&gt;&gt;</a>&nbsp;&nbsp;&nbsp;_printf_core
</UL>

<P><STRONG><a name="[30]"></a>_sputc</STRONG> (Thumb, 10 bytes, Stack size 0 bytes, printfa.o(i._sputc))
<BR><BR>[Called By]<UL><LI><a href="#[c2]">&gt;&gt;</a>&nbsp;&nbsp;&nbsp;__0vsprintf
</UL>
<BR>[Address Reference Count : 1]<UL><LI> printfa.o(i.__0vsprintf)
</UL>
<P><STRONG><a name="[2c]"></a>_scanf_char_input</STRONG> (Thumb, 12 bytes, Stack size 0 bytes, scanf_char.o(.text))
<BR>[Address Reference Count : 1]<UL><LI> scanf_char.o(.text)
</UL><P>
<H3>
Undefined Global Symbols
</H3>
<P><STRONG><a name="[8f]"></a>_scanf_longlong</STRONG> (ARM, 0 bytes, Stack size 0 bytes, UNDEFINED)
<BR><BR>[Called By]<UL><LI><a href="#[82]">&gt;&gt;</a>&nbsp;&nbsp;&nbsp;__vfscanf
</UL>

<P><STRONG><a name="[8e]"></a>_scanf_real</STRONG> (ARM, 0 bytes, Stack size 0 bytes, UNDEFINED)
<BR><BR>[Called By]<UL><LI><a href="#[82]">&gt;&gt;</a>&nbsp;&nbsp;&nbsp;__vfscanf
</UL>

<P><STRONG><a name="[90]"></a>_scanf_string</STRONG> (ARM, 0 bytes, Stack size 0 bytes, UNDEFINED)
<BR><BR>[Called By]<UL><LI><a href="#[82]">&gt;&gt;</a>&nbsp;&nbsp;&nbsp;__vfscanf
</UL>
<HR></body></html>
